Component: ARM Compiler 5.06 update 6 (build 750) Tool: armlink [4d35ed]

==============================================================================

Section Cross References

    startup_stm32f407xx.o(RESET) refers to startup_stm32f407xx.o(STACK) for __initial_sp
    startup_stm32f407xx.o(RESET) refers to startup_stm32f407xx.o(.text) for Reset_Handler
    startup_stm32f407xx.o(RESET) refers to stm32f4xx_it.o(i.NMI_Handler) for NMI_Handler
    startup_stm32f407xx.o(RESET) refers to stm32f4xx_it.o(i.HardFault_Handler) for HardFault_Handler
    startup_stm32f407xx.o(RESET) refers to stm32f4xx_it.o(i.MemManage_Handler) for MemManage_Handler
    startup_stm32f407xx.o(RESET) refers to stm32f4xx_it.o(i.BusFault_Handler) for BusFault_Handler
    startup_stm32f407xx.o(RESET) refers to stm32f4xx_it.o(i.UsageFault_Handler) for UsageFault_Handler
    startup_stm32f407xx.o(RESET) refers to port.o(.emb_text) for SVC_Handler
    startup_stm32f407xx.o(RESET) refers to stm32f4xx_it.o(i.DebugMon_Handler) for DebugMon_Handler
    startup_stm32f407xx.o(RESET) refers to port.o(i.SysTick_Handler) for SysTick_Handler
    startup_stm32f407xx.o(RESET) refers to stm32f4xx_it.o(i.DMA1_Stream1_IRQHandler) for DMA1_Stream1_IRQHandler
    startup_stm32f407xx.o(RESET) refers to stm32f4xx_it.o(i.DMA1_Stream3_IRQHandler) for DMA1_Stream3_IRQHandler
    startup_stm32f407xx.o(RESET) refers to stm32f4xx_it.o(i.CAN1_TX_IRQHandler) for CAN1_TX_IRQHandler
    startup_stm32f407xx.o(RESET) refers to stm32f4xx_it.o(i.CAN1_RX0_IRQHandler) for CAN1_RX0_IRQHandler
    startup_stm32f407xx.o(RESET) refers to stm32f4xx_it.o(i.CAN1_RX1_IRQHandler) for CAN1_RX1_IRQHandler
    startup_stm32f407xx.o(RESET) refers to stm32f4xx_it.o(i.TIM2_IRQHandler) for TIM2_IRQHandler
    startup_stm32f407xx.o(RESET) refers to stm32f4xx_it.o(i.TIM3_IRQHandler) for TIM3_IRQHandler
    startup_stm32f407xx.o(RESET) refers to stm32f4xx_it.o(i.USART1_IRQHandler) for USART1_IRQHandler
    startup_stm32f407xx.o(RESET) refers to stm32f4xx_it.o(i.USART3_IRQHandler) for USART3_IRQHandler
    startup_stm32f407xx.o(RESET) refers to stm32f4xx_it.o(i.UART4_IRQHandler) for UART4_IRQHandler
    startup_stm32f407xx.o(RESET) refers to stm32f4xx_it.o(i.UART5_IRQHandler) for UART5_IRQHandler
    startup_stm32f407xx.o(.text) refers to system_stm32f4xx.o(i.SystemInit) for SystemInit
    startup_stm32f407xx.o(.text) refers to entry.o(.ARM.Collect$$$$00000000) for __main
    common.o(i.avgFilter) refers to common.o(.data) for sum
    common.o(i.movAvgFilterInit) refers to memseta.o(.text) for __aeabi_memclr
    motion_controller.o(i.getKey) refers to motion_controller.o(i.key_scan) for key_scan
    motion_controller.o(i.getKey) refers to motion_controller.o(.data) for buttonPush_s
    motion_controller.o(i.initMotionController) refers to tasks.o(i.xTaskCreate) for xTaskCreate
    motion_controller.o(i.initMotionController) refers to motion_controller.o(.data) for localControlCmds
    motion_controller.o(i.initMotionController) refers to motion_controller.o(i.motionControllerTask) for motionControllerTask
    motion_controller.o(i.key_scan) refers to stm32f4xx_hal_gpio.o(i.HAL_GPIO_ReadPin) for HAL_GPIO_ReadPin
    motion_controller.o(i.key_scan) refers to cmsis_os.o(i.osDelay) for osDelay
    motion_controller.o(i.motionControllerTask) refers to cmsis_os.o(i.osDelay) for osDelay
    motion_controller.o(i.motionControllerTask) refers to motion_controller.o(i.getKey) for getKey
    motion_controller.o(i.motionControllerTask) refers to motion_controller.o(i.setControlDigit) for setControlDigit
    motion_controller.o(i.setControlDigit) refers to port.o(i.vPortEnterCritical) for vPortEnterCritical
    motion_controller.o(i.setControlDigit) refers to port.o(i.vPortExitCritical) for vPortExitCritical
    motion_controller.o(i.setControlDigit) refers to motion_controller.o(.data) for buttonPush_s
    motion_controller.o(i.setControlDigit) refers to communication_down.o(.data) for controlCmds
    user_task.o(i.userTaskInit) refers to communication_up.o(i.initCommunication_up) for initCommunication_up
    user_task.o(i.userTaskInit) refers to communication_down.o(i.initCommunication_down) for initCommunication_down
    user_task.o(i.userTaskInit) refers to motion_controller.o(i.initMotionController) for initMotionController
    user_task.o(i.userTaskInit) refers to cmsis_os.o(i.osDelay) for osDelay
    user_task.o(i.userTaskInit) refers to stm32f4xx_hal_gpio.o(i.HAL_GPIO_TogglePin) for HAL_GPIO_TogglePin
    communication_up.o(i.commUpSendTask) refers to memmovea.o(.text) for __aeabi_memcpy
    communication_up.o(i.commUpSendTask) refers to cmsis_os.o(i.osDelay) for osDelay
    communication_up.o(i.commUpSendTask) refers to port.o(i.vPortEnterCritical) for vPortEnterCritical
    communication_up.o(i.commUpSendTask) refers to port.o(i.vPortExitCritical) for vPortExitCritical
    communication_up.o(i.commUpSendTask) refers to bluetooth_rutrans.o(i.CheckSum) for CheckSum
[...]
    i.HAL_TIM_PeriodElapsedCallback          0x080020f4   Section        0  main.o(i.HAL_TIM_PeriodElapsedCallback)
    i.HAL_TIM_TriggerCallback                0x08002106   Section        0  stm32f4xx_hal_tim.o(i.HAL_TIM_TriggerCallback)
    i.HAL_UART_ErrorCallback                 0x08002108   Section        0  bluetooth_rutrans.o(i.HAL_UART_ErrorCallback)
    i.HAL_UART_IRQHandler                    0x0800214c   Section        0  stm32f4xx_hal_uart.o(i.HAL_UART_IRQHandler)
    i.HAL_UART_Init                          0x080022a0   Section        0  stm32f4xx_hal_uart.o(i.HAL_UART_Init)
    i.HAL_UART_MspInit                       0x08002314   Section        0  stm32f4xx_hal_msp.o(i.HAL_UART_MspInit)
    i.HAL_UART_Receive_IT                    0x080025f4   Section        0  stm32f4xx_hal_uart.o(i.HAL_UART_Receive_IT)
    i.HAL_UART_RxCpltCallback                0x08002664   Section        0  bluetooth_rutrans.o(i.HAL_UART_RxCpltCallback)
    i.HAL_UART_Transmit                      0x08002694   Section        0  stm32f4xx_hal_uart.o(i.HAL_UART_Transmit)
    i.HAL_UART_TxCpltCallback                0x0800276c   Section        0  stm32f4xx_hal_uart.o(i.HAL_UART_TxCpltCallback)
    i.HardFault_Handler                      0x0800276e   Section        0  stm32f4xx_it.o(i.HardFault_Handler)
    i.MX_ADC1_Init                           0x08002774   Section        0  main.o(i.MX_ADC1_Init)
    MX_ADC1_Init                             0x08002775   Thumb Code   100  main.o(i.MX_ADC1_Init)
    i.MX_CAN1_Init                           0x080027e4   Section        0  main.o(i.MX_CAN1_Init)
    MX_CAN1_Init                             0x080027e5   Thumb Code    58  main.o(i.MX_CAN1_Init)
    i.MX_DMA_Init                            0x08002828   Section        0  main.o(i.MX_DMA_Init)
    MX_DMA_Init                              0x08002829   Thumb Code    68  main.o(i.MX_DMA_Init)
    i.MX_GPIO_Init                           0x08002870   Section        0  main.o(i.MX_GPIO_Init)
    MX_GPIO_Init                             0x08002871   Thumb Code   480  main.o(i.MX_GPIO_Init)
    i.MX_IWDG_Init                           0x08002a60   Section        0  main.o(i.MX_IWDG_Init)
    MX_IWDG_Init                             0x08002a61   Thumb Code    32  main.o(i.MX_IWDG_Init)
    i.MX_TIM3_Init                           0x08002a88   Section        0  main.o(i.MX_TIM3_Init)
    MX_TIM3_Init                             0x08002a89   Thumb Code   114  main.o(i.MX_TIM3_Init)
    i.MX_TIM4_Init                           0x08002b04   Section        0  main.o(i.MX_TIM4_Init)
    MX_TIM4_Init                             0x08002b05   Thumb Code   114  main.o(i.MX_TIM4_Init)
    i.MX_UART4_Init                          0x08002b80   Section        0  main.o(i.MX_UART4_Init)
    MX_UART4_Init                            0x08002b81   Thumb Code    46  main.o(i.MX_UART4_Init)
    i.MX_UART5_Init                          0x08002bb8   Section        0  main.o(i.MX_UART5_Init)
    MX_UART5_Init                            0x08002bb9   Thumb Code    46  main.o(i.MX_UART5_Init)
    i.MX_USART1_UART_Init                    0x08002bf0   Section        0  main.o(i.MX_USART1_UART_Init)
    MX_USART1_UART_Init                      0x08002bf1   Thumb Code    46  main.o(i.MX_USART1_UART_Init)
    i.MX_USART3_UART_Init                    0x08002c28   Section        0  main.o(i.MX_USART3_UART_Init)
    MX_USART3_UART_Init                      0x08002c29   Thumb Code    46  main.o(i.MX_USART3_UART_Init)
    i.MemManage_Handler                      0x08002c60   Section        0  stm32f4xx_it.o(i.MemManage_Handler)
    i.NMI_Handler                            0x08002c64   Section        0  stm32f4xx_it.o(i.NMI_Handler)
    i.ParseFrame                             0x08002c68   Section        0  communication_down.o(i.ParseFrame)
    ParseFrame                               0x08002c69   Thumb Code    78  communication_down.o(i.ParseFrame)
    i.StartDefaultTask                       0x08002cfc   Section        0  main.o(i.StartDefaultTask)
    i.SysTick_Handler                        0x08002d0c   Section        0  port.o(i.SysTick_Handler)
    i.SystemClock_Config                     0x08002d40   Section        0  main.o(i.SystemClock_Config)
    i.SystemInit                             0x08002df8   Section        0  system_stm32f4xx.o(i.SystemInit)
    i.TIM2_IRQHandler                        0x08002e14   Section        0  stm32f4xx_it.o(i.TIM2_IRQHandler)
    i.TIM3_IRQHandler                        0x08002e24   Section        0  stm32f4xx_it.o(i.TIM3_IRQHandler)
    i.TIM_Base_SetConfig                     0x08002e34   Section        0  stm32f4xx_hal_tim.o(i.TIM_Base_SetConfig)
    i.UART4_IRQHandler                       0x08002f0c   Section        0  stm32f4xx_it.o(i.UART4_IRQHandler)
    i.UART5_IRQHandler                       0x08002f1c   Section        0  stm32f4xx_it.o(i.UART5_IRQHandler)
    i.UART_DMAAbortOnError                   0x08002f2c   Section        0  stm32f4xx_hal_uart.o(i.UART_DMAAbortOnError)
    UART_DMAAbortOnError                     0x08002f2d   Thumb Code    20  stm32f4xx_hal_uart.o(i.UART_DMAAbortOnError)
    i.UART_EndRxTransfer                     0x08002f40   Section        0  stm32f4xx_hal_uart.o(i.UART_EndRxTransfer)
    UART_EndRxTransfer                       0x08002f41   Thumb Code    32  stm32f4xx_hal_uart.o(i.UART_EndRxTransfer)
    i.UART_EndTransmit_IT                    0x08002f60   Section        0  stm32f4xx_hal_uart.o(i.UART_EndTransmit_IT)
    UART_EndTransmit_IT                      0x08002f61   Thumb Code    32  stm32f4xx_hal_uart.o(i.UART_EndTransmit_IT)
    i.UART_Receive_IT                        0x08002f80   Section        0  stm32f4xx_hal_uart.o(i.UART_Receive_IT)
    UART_Receive_IT                          0x08002f81   Thumb Code   166  stm32f4xx_hal_uart.o(i.UART_Receive_IT)
    i.UART_SetConfig                         0x08003028   Section        0  stm32f4xx_hal_uart.o(i.UART_SetConfig)
    UART_SetConfig                           0x08003029   Thumb Code   992  stm32f4xx_hal_uart.o(i.UART_SetConfig)
    i.UART_Transmit_IT                       0x08003410   Section        0  stm32f4xx_hal_uart.o(i.UART_Transmit_IT)
    UART_Transmit_IT                         0x08003411   Thumb Code   104  stm32f4xx_hal_uart.o(i.UART_Transmit_IT)
    i.UART_WaitOnFlagUntilTimeout            0x08003478   Section        0  stm32f4xx_hal_uart.o(i.UART_WaitOnFlagUntilTimeout)
    UART_WaitOnFlagUntilTimeout              0x08003479   Thumb Code   108  stm32f4xx_hal_uart.o(i.UART_WaitOnFlagUntilTimeout)
    i.USART1_IRQHandler                      0x080034e4   Section        0  stm32f4xx_it.o(i.USART1_IRQHandler)
    i.USART3_IRQHandler                      0x080034f4   Section        0  stm32f4xx_it.o(i.USART3_IRQHandler)
    i.USART_ReadData                         0x08003504   Section        0  bluetooth_rutrans.o(i.USART_ReadData)
    i.USART_SendData                         0x0800351e   Section        0  bluetooth_rutrans.o(i.USART_SendData)
    i.UsageFault_Handler                     0x0800353c   Section        0  stm32f4xx_it.o(i.UsageFault_Handler)
    i.__0printf$5                            0x08003540   Section        0  printf5.o(i.__0printf$5)
    i.__NVIC_GetPriorityGrouping             0x08003560   Section        0  stm32f4xx_hal_cortex.o(i.__NVIC_GetPriorityGrouping)
    __NVIC_GetPriorityGrouping               0x08003561   Thumb Code    10  stm32f4xx_hal_cortex.o(i.__NVIC_GetPriorityGrouping)
    i.__NVIC_SetPriority                     0x08003570   Section        0  stm32f4xx_hal_cortex.o(i.__NVIC_SetPriority)
    __NVIC_SetPriority                       0x08003571   Thumb Code    32  stm32f4xx_hal_cortex.o(i.__NVIC_SetPriority)
    i.__scatterload_copy                     0x08003598   Section       14  handlers.o(i.__scatterload_copy)
    i.__scatterload_null                     0x080035a6   Section        2  handlers.o(i.__scatterload_null)
    i.__scatterload_zeroinit                 0x080035a8   Section       14  handlers.o(i.__scatterload_zeroinit)
    i._printf_core                           0x080035b8   Section        0  printf5.o(i._printf_core)
    _printf_core                             0x080035b9   Thumb Code   658  printf5.o(i._printf_core)
    i.bufferRead                             0x08003878   Section        0  bluetooth_rutrans.o(i.bufferRead)
    i.bufferWrite                            0x080038ec   Section        0  bluetooth_rutrans.o(i.bufferWrite)
    i.commDownReadTask                       0x08003928   Section        0  communication_down.o(i.commDownReadTask)
    commDownReadTask                         0x08003929   Thumb Code   184  communication_down.o(i.commDownReadTask)
    i.commDownSendTask                       0x08003a28   Section        0  communication_down.o(i.commDownSendTask)
    commDownSendTask                         0x08003a29   Thumb Code    92  communication_down.o(i.commDownSendTask)
    i.commUpSendTask                         0x08003a90   Section        0  communication_up.o(i.commUpSendTask)
    commUpSendTask                           0x08003a91   Thumb Code   130  communication_up.o(i.commUpSendTask)
    i.fputc                                  0x08003b28   Section        0  debug_print.o(i.fputc)
    i.getKey                                 0x08003b44   Section        0  motion_controller.o(i.getKey)
    getKey                                   0x08003b45   Thumb Code   196  motion_controller.o(i.getKey)
    i.initCommunication_down                 0x08003c10   Section        0  communication_down.o(i.initCommunication_down)
    i.initCommunication_up                   0x08003ca0   Section        0  communication_up.o(i.initCommunication_up)
    i.initMotionController                   0x08003ce0   Section        0  motion_controller.o(i.initMotionController)
    i.key_scan                               0x08003d34   Section        0  motion_controller.o(i.key_scan)
    key_scan                                 0x08003d35   Thumb Code    98  motion_controller.o(i.key_scan)
    i.main                                   0x08003d98   Section        0  main.o(i.main)
    i.makeFreeRtosPriority                   0x08003df4   Section        0  cmsis_os.o(i.makeFreeRtosPriority)
    makeFreeRtosPriority                     0x08003df5   Thumb Code    14  cmsis_os.o(i.makeFreeRtosPriority)
    i.motionControllerTask                   0x08003e02   Section        0  motion_controller.o(i.motionControllerTask)
    motionControllerTask                     0x08003e03   Thumb Code    18  motion_controller.o(i.motionControllerTask)
    i.osDelay                                0x08003e14   Section        0  cmsis_os.o(i.osDelay)
    i.osKernelStart                          0x08003e2c   Section        0  cmsis_os.o(i.osKernelStart)
    i.osThreadCreate                         0x08003e36   Section        0  cmsis_os.o(i.osThreadCreate)
    i.prvAddCurrentTaskToDelayedList         0x08003e94   Section        0  tasks.o(i.prvAddCurrentTaskToDelayedList)
    prvAddCurrentTaskToDelayedList           0x08003e95   Thumb Code   124  tasks.o(i.prvAddCurrentTaskToDelayedList)
    i.prvAddNewTaskToReadyList               0x08003f2c   Section        0  tasks.o(i.prvAddNewTaskToReadyList)
    prvAddNewTaskToReadyList                 0x08003f2d   Thumb Code   150  tasks.o(i.prvAddNewTaskToReadyList)
    i.prvCheckTasksWaitingTermination        0x08003fe0   Section        0  tasks.o(i.prvCheckTasksWaitingTermination)
    prvCheckTasksWaitingTermination          0x08003fe1   Thumb Code    60  tasks.o(i.prvCheckTasksWaitingTermination)
    i.prvDeleteTCB                           0x08004028   Section        0  tasks.o(i.prvDeleteTCB)
    prvDeleteTCB                             0x08004029   Thumb Code    80  tasks.o(i.prvDeleteTCB)
    i.prvGetDisinheritPriorityAfterTimeout   0x08004078   Section        0  queue.o(i.prvGetDisinheritPriorityAfterTimeout)
    prvGetDisinheritPriorityAfterTimeout     0x08004079   Thumb Code    20  queue.o(i.prvGetDisinheritPriorityAfterTimeout)
    i.prvHeapInit                            0x0800408c   Section        0  heap_4.o(i.prvHeapInit)
    prvHeapInit                              0x0800408d   Thumb Code    98  heap_4.o(i.prvHeapInit)
    i.prvIdleTask                            0x08004108   Section        0  tasks.o(i.prvIdleTask)
    prvIdleTask                              0x08004109   Thumb Code    32  tasks.o(i.prvIdleTask)
    i.prvInitialiseNewQueue                  0x08004130   Section        0  queue.o(i.prvInitialiseNewQueue)
    prvInitialiseNewQueue                    0x08004131   Thumb Code    38  queue.o(i.prvInitialiseNewQueue)
    i.prvInitialiseNewTask                   0x08004156   Section        0  tasks.o(i.prvInitialiseNewTask)
    prvInitialiseNewTask                     0x08004157   Thumb Code   180  tasks.o(i.prvInitialiseNewTask)
    i.prvInitialiseTaskLists                 0x0800420c   Section        0  tasks.o(i.prvInitialiseTaskLists)
    prvInitialiseTaskLists                   0x0800420d   Thumb Code    70  tasks.o(i.prvInitialiseTaskLists)
    i.prvInsertBlockIntoFreeList             0x08004274   Section        0  heap_4.o(i.prvInsertBlockIntoFreeList)
    prvInsertBlockIntoFreeList               0x08004275   Thumb Code    96  heap_4.o(i.prvInsertBlockIntoFreeList)
    i.prvIsQueueEmpty                        0x080042dc   Section        0  queue.o(i.prvIsQueueEmpty)
    prvIsQueueEmpty                          0x080042dd   Thumb Code    26  queue.o(i.prvIsQueueEmpty)
    i.prvResetNextTaskUnblockTime            0x080042f8   Section        0  tasks.o(i.prvResetNextTaskUnblockTime)
    prvResetNextTaskUnblockTime              0x080042f9   Thumb Code    42  tasks.o(i.prvResetNextTaskUnblockTime)
    i.prvTaskExitError                       0x0800432c   Section        0  port.o(i.prvTaskExitError)
    prvTaskExitError                         0x0800432d   Thumb Code    60  port.o(i.prvTaskExitError)
    i.prvUnlockQueue                         0x0800436c   Section        0  queue.o(i.prvUnlockQueue)
    prvUnlockQueue                           0x0800436d   Thumb Code   126  queue.o(i.prvUnlockQueue)
    i.pvPortMalloc                           0x080043ec   Section        0  heap_4.o(i.pvPortMalloc)
    i.pvTaskIncrementMutexHeldCount          0x08004528   Section        0  tasks.o(i.pvTaskIncrementMutexHeldCount)
    i.pxPortInitialiseStack                  0x08004548   Section        0  port.o(i.pxPortInitialiseStack)
    i.resolveRxBuf                           0x08004574   Section        0  communication_down.o(i.resolveRxBuf)
    resolveRxBuf                             0x08004575   Thumb Code   222  communication_down.o(i.resolveRxBuf)
    i.setControlDigit                        0x0800466c   Section        0  motion_controller.o(i.setControlDigit)
    setControlDigit                          0x0800466d   Thumb Code   332  motion_controller.o(i.setControlDigit)
    i.userTaskInit                           0x080047c4   Section        0  user_task.o(i.userTaskInit)
    i.uxListRemove                           0x080047f8   Section        0  list.o(i.uxListRemove)
    i.vApplicationGetIdleTaskMemory          0x08004820   Section        0  freertos.o(i.vApplicationGetIdleTaskMemory)
    i.vListInitialise                        0x08004838   Section        0  list.o(i.vListInitialise)
    i.vListInitialiseItem                    0x08004852   Section        0  list.o(i.vListInitialiseItem)
    i.vListInsert                            0x08004858   Section        0  list.o(i.vListInsert)
    i.vListInsertEnd                         0x0800488c   Section        0  list.o(i.vListInsertEnd)
    i.vPortEnterCritical                     0x080048a4   Section        0  port.o(i.vPortEnterCritical)
    i.vPortExitCritical                      0x080048f8   Section        0  port.o(i.vPortExitCritical)
    i.vPortFree                              0x08004934   Section        0  heap_4.o(i.vPortFree)
    i.vPortSetupTimerInterrupt               0x080049c8   Section        0  port.o(i.vPortSetupTimerInterrupt)
    i.vPortValidateInterruptPriority         0x080049f0   Section        0  port.o(i.vPortValidateInterruptPriority)
    i.vTaskDelay                             0x08004a68   Section        0  tasks.o(i.vTaskDelay)
    i.vTaskInternalSetTimeOutState           0x08004ac4   Section        0  tasks.o(i.vTaskInternalSetTimeOutState)
    i.vTaskMissedYield                       0x08004adc   Section        0  tasks.o(i.vTaskMissedYield)
    i.vTaskPlaceOnEventList                  0x08004ae8   Section        0  tasks.o(i.vTaskPlaceOnEventList)
    i.vTaskPriorityDisinheritAfterTimeout    0x08004b20   Section        0  tasks.o(i.vTaskPriorityDisinheritAfterTimeout)
    i.vTaskStartScheduler                    0x08004c14   Section        0  tasks.o(i.vTaskStartScheduler)
    i.vTaskSuspendAll                        0x08004cc4   Section        0  tasks.o(i.vTaskSuspendAll)
    i.vTaskSwitchContext                     0x08004cd4   Section        0  tasks.o(i.vTaskSwitchContext)
    i.xPortStartScheduler                    0x08004d60   Section        0  port.o(i.xPortStartScheduler)
    i.xQueueGenericCreate                    0x08004ec8   Section        0  queue.o(i.xQueueGenericCreate)
    i.xQueueGenericReset                     0x08004f28   Section        0  queue.o(i.xQueueGenericReset)
    i.xQueueGiveFromISR                      0x08004fc0   Section        0  queue.o(i.xQueueGiveFromISR)
    i.xQueueSemaphoreTake                    0x080050a0   Section        0  queue.o(i.xQueueSemaphoreTake)
    i.xTaskCheckForTimeOut                   0x08005258   Section        0  tasks.o(i.xTaskCheckForTimeOut)
    i.xTaskCreate                            0x080052e4   Section        0  tasks.o(i.xTaskCreate)
    i.xTaskCreateStatic                      0x08005348   Section        0  tasks.o(i.xTaskCreateStatic)
    i.xTaskGetSchedulerState                 0x08005404   Section        0  tasks.o(i.xTaskGetSchedulerState)
    i.xTaskIncrementTick                     0x08005424   Section        0  tasks.o(i.xTaskIncrementTick)
    i.xTaskPriorityInherit                   0x0800556c   Section        0  tasks.o(i.xTaskPriorityInherit)
    i.xTaskRemoveFromEventList               0x08005634   Section        0  tasks.o(i.xTaskRemoveFromEventList)
    i.xTaskResumeAll                         0x080056cc   Section        0  tasks.o(i.xTaskResumeAll)
    .constdata                               0x080057d0   Section       11  communication_down.o(.constdata)
    __func__                                 0x080057d0   Data          11  communication_down.o(.constdata)
    .constdata                               0x080057dc   Section       28  main.o(.constdata)
    .constdata                               0x080057f8   Section        8  stm32f4xx_hal_dma.o(.constdata)
    flagBitshiftOffset                       0x080057f8   Data           8  stm32f4xx_hal_dma.o(.constdata)
    .constdata                               0x08005800   Section       24  system_stm32f4xx.o(.constdata)
    .conststring                             0x08005818   Section       12  main.o(.conststring)
    .data                                    0x10000000   Section       23  motion_controller.o(.data)
    MotionControllerTaskHandle               0x10000000   Data           4  motion_controller.o(.data)
    localFlag                                0x10000004   Data           1  motion_controller.o(.data)
    localControlCmds                         0x10000005   Data           8  motion_controller.o(.data)
    tempDigit                                0x1000000e   Data           2  motion_controller.o(.data)
    buttonPush_s                             0x10000010   Data           7  motion_controller.o(.data)
    .data                                    0x10000018   Section       48  communication_down.o(.data)
    CommUpReadTaskHandle                     0x10000018   Data           4  communication_down.o(.data)
    CommUpSendTaskHandle                     0x1000001c   Data           4  communication_down.o(.data)
    HeadFound                                0x10000020   Data           1  communication_down.o(.data)
    TailFound                                0x10000021   Data           1  communication_down.o(.data)
    HeadPos                                  0x10000024   Data           4  communication_down.o(.data)
    TailPos                                  0x10000028   Data           4  communication_down.o(.data)
    CheckPos                                 0x1000002c   Data           4  communication_down.o(.data)
    count_USB                                0x10000039   Data           1  communication_down.o(.data)
    LocalControlCmd                          0x1000003a   Data           8  communication_down.o(.data)
    readcount                                0x10000044   Data           4  communication_down.o(.data)
    .data                                    0x10000048   Section        4  main.o(.data)
    .data                                    0x1000004c   Section       12  port.o(.data)
    uxCriticalNesting                        0x1000004c   Data           4  port.o(.data)
    ucMaxSysCallPriority                     0x10000050   Data           1  port.o(.data)
    ulMaxPRIGROUPValue                       0x10000054   Data           4  port.o(.data)
    .data                                    0x10000058   Section        4  stdout.o(.data)
    .bss                                     0x1000005c   Section       74  communication_up.o(.bss)
    StateBackToGUIs                          0x1000005c   Data          40  communication_up.o(.bss)
    LocalstateBackToBoxs                     0x10000084   Data          34  communication_up.o(.bss)
    .bss                                     0x100000a8   Section       64  stm32f4xx_hal_timebase_tim.o(.bss)
    .bss                                     0x100000e8   Section      240  tasks.o(.bss)
    pxReadyTasksLists                        0x100000e8   Data         140  tasks.o(.bss)
    xDelayedTaskList1                        0x10000174   Data          20  tasks.o(.bss)
    xDelayedTaskList2                        0x10000188   Data          20  tasks.o(.bss)
    xPendingReadyList                        0x1000019c   Data          20  tasks.o(.bss)
    xTasksWaitingTermination                 0x100001b0   Data          20  tasks.o(.bss)
    xSuspendedTaskList                       0x100001c4   Data          20  tasks.o(.bss)
    .data                                    0x20000000   Section       12  communication_up.o(.data)
    CommReadTaskHandle                       0x20000004   Data           4  communication_up.o(.data)
    CommSendTaskHandle                       0x20000008   Data           4  communication_up.o(.data)
    .data                                    0x2000000c   Section       28  bluetooth_rutrans.o(.data)
    blue_writeldx                            0x20000010   Data           4  bluetooth_rutrans.o(.data)
    blue_readldx                             0x20000014   Data           4  bluetooth_rutrans.o(.data)
    gBluetooth_ringbuf_length                0x20000018   Data           4  bluetooth_rutrans.o(.data)
    usartError                               0x2000001c   Data           4  bluetooth_rutrans.o(.data)
    usartSate                                0x20000020   Data           1  bluetooth_rutrans.o(.data)
    counter                                  0x20000022   Data           2  bluetooth_rutrans.o(.data)
    xHigherPriorityTaskWoken                 0x20000024   Data           4  bluetooth_rutrans.o(.data)
    .data                                    0x20000028   Section        9  stm32f4xx_hal.o(.data)
    .data                                    0x20000034   Section        4  system_stm32f4xx.o(.data)
    .data                                    0x20000038   Section       60  tasks.o(.data)
    pxDelayedTaskList                        0x2000003c   Data           4  tasks.o(.data)
    pxOverflowDelayedTaskList                0x20000040   Data           4  tasks.o(.data)
    uxDeletedTasksWaitingCleanUp             0x20000044   Data           4  tasks.o(.data)
    uxCurrentNumberOfTasks                   0x20000048   Data           4  tasks.o(.data)
    xTickCount                               0x2000004c   Data           4  tasks.o(.data)
    uxTopReadyPriority                       0x20000050   Data           4  tasks.o(.data)
    xSchedulerRunning                        0x20000054   Data           4  tasks.o(.data)
    uxPendedTicks                            0x20000058   Data           4  tasks.o(.data)
    xYieldPending                            0x2000005c   Data           4  tasks.o(.data)
    xNumOfOverflows                          0x20000060   Data           4  tasks.o(.data)
    uxTaskNumber                             0x20000064   Data           4  tasks.o(.data)
    xNextTaskUnblockTime                     0x20000068   Data           4  tasks.o(.data)
    xIdleTaskHandle                          0x2000006c   Data           4  tasks.o(.data)
    uxSchedulerSuspended                     0x20000070   Data           4  tasks.o(.data)
    .data                                    0x20000074   Section       24  heap_4.o(.data)
    xStart                                   0x20000074   Data           8  heap_4.o(.data)
    pxEnd                                    0x2000007c   Data           4  heap_4.o(.data)
    xFreeBytesRemaining                      0x20000080   Data           4  heap_4.o(.data)
    xMinimumEverFreeBytesRemaining           0x20000084   Data           4  heap_4.o(.data)
    xBlockAllocatedBit                       0x20000088   Data           4  heap_4.o(.data)
    .bss                                     0x2000008c   Section     2070  bluetooth_rutrans.o(.bss)
    bluetooth_ringbuf                        0x200004a2   Data        1024  bluetooth_rutrans.o(.bss)
    .bss                                     0x200008a2   Section     1060  communication_down.o(.bss)
    .bss                                     0x20000cc8   Section      700  main.o(.bss)
    .bss                                     0x20000f84   Section      596  freertos.o(.bss)
    xIdleTaskTCBBuffer                       0x20000f84   Data          84  freertos.o(.bss)
    xIdleStack                               0x20000fd8   Data         512  freertos.o(.bss)
    .bss                                     0x200011d8   Section    51200  heap_4.o(.bss)
    ucHeap                                   0x200011d8   Data       51200  heap_4.o(.bss)
    STACK                                    0x2000d9d8   Section    10240  startup_stm32f407xx.o(STACK)

    Global Symbols

    Symbol Name                              Value     Ov Type        Size  Object(Section)

    BuildAttributes$$THM_ISAv4$E$P$D$K$B$S$7EM$VFPi3$EXTD16$VFPS$VFMA$PE$A:L22UL41UL21$X:L11$S22US41US21$IEEE1$IW$USESV6$~STKCKD$USESV7$~SHL$OSPACE$ROPI$EBA8$MICROLIB$REQ8$PRES8$EABIv2 0x00000000   Number         0  anon$$obj.o ABSOLUTE
    __ARM_use_no_argv                        0x00000000   Number         0  main.o ABSOLUTE
    _printf_a                                0x00000000   Number         0  stubs.o ABSOLUTE
    _printf_c                                0x00000000   Number         0  stubs.o ABSOLUTE
    _printf_charcount                        0x00000000   Number         0  stubs.o ABSOLUTE
    _printf_d                                0x00000000   Number         0  stubs.o ABSOLUTE
    _printf_e                                0x00000000   Number         0  stubs.o ABSOLUTE
    _printf_f                                0x00000000   Number         0  stubs.o ABSOLUTE
    _printf_flags                            0x00000000   Number         0  stubs.o ABSOLUTE
    _printf_fp_dec                           0x00000000   Number         0  stubs.o ABSOLUTE
    _printf_fp_hex                           0x00000000   Number         0  stubs.o ABSOLUTE
    _printf_g                                0x00000000   Number         0  stubs.o ABSOLUTE
    _printf_i                                0x00000000   Number         0  stubs.o ABSOLUTE
    _printf_int_dec                          0x00000000   Number         0  stubs.o ABSOLUTE
    _printf_l                                0x00000000   Number         0  stubs.o ABSOLUTE
    _printf_lc                               0x00000000   Number         0  stubs.o ABSOLUTE
    _printf_ll                               0x00000000   Number         0  stubs.o ABSOLUTE
    _printf_lld                              0x00000000   Number         0  stubs.o ABSOLUTE
    _printf_lli                              0x00000000   Number         0  stubs.o ABSOLUTE
    _printf_llo                              0x00000000   Number         0  stubs.o ABSOLUTE
    _printf_llu                              0x00000000   Number         0  stubs.o ABSOLUTE
    _printf_llx                              0x00000000   Number         0  stubs.o ABSOLUTE
    _printf_longlong_dec                     0x00000000   Number         0  stubs.o ABSOLUTE
    _printf_longlong_hex                     0x00000000   Number         0  stubs.o ABSOLUTE
    _printf_longlong_oct                     0x00000000   Number         0  stubs.o ABSOLUTE
    _printf_ls                               0x00000000   Number         0  stubs.o ABSOLUTE
    _printf_mbtowc                           0x00000000   Number         0  stubs.o ABSOLUTE
    _printf_n                                0x00000000   Number         0  stubs.o ABSOLUTE
    _printf_o                                0x00000000   Number         0  stubs.o ABSOLUTE
    _printf_p                                0x00000000   Number         0  stubs.o ABSOLUTE
    _printf_percent                          0x00000000   Number         0  stubs.o ABSOLUTE
    _printf_pre_padding                      0x00000000   Number         0  stubs.o ABSOLUTE
    _printf_return_value                     0x00000000   Number         0  stubs.o ABSOLUTE
    _printf_s                                0x00000000   Number         0  stubs.o ABSOLUTE
    _printf_sizespec                         0x00000000   Number         0  stubs.o ABSOLUTE
    _printf_str                              0x00000000   Number         0  stubs.o ABSOLUTE
    _printf_truncate_signed                  0x00000000   Number         0  stubs.o ABSOLUTE
    _printf_truncate_unsigned                0x00000000   Number         0  stubs.o ABSOLUTE
    _printf_u                                0x00000000   Number         0  stubs.o ABSOLUTE
    _printf_wc                               0x00000000   Number         0  stubs.o ABSOLUTE
    _printf_wctomb                           0x00000000   Number         0  stubs.o ABSOLUTE
    _printf_widthprec                        0x00000000   Number         0  stubs.o ABSOLUTE
    _printf_x                                0x00000000   Number         0  stubs.o ABSOLUTE
    __cpp_initialize__aeabi_                  - Undefined Weak Reference
    __cxa_finalize                            - Undefined Weak Reference
    __decompress                              - Undefined Weak Reference
    _clock_init                               - Undefined Weak Reference
    _microlib_exit                            - Undefined Weak Reference
    __Vectors_Size                           0x00000188   Number         0  startup_stm32f407xx.o ABSOLUTE
    __Vectors                                0x08000000   Data           4  startup_stm32f407xx.o(RESET)
    __Vectors_End                            0x08000188   Data           0  startup_stm32f407xx.o(RESET)
    __main                                   0x08000189   Thumb Code     0  entry.o(.ARM.Collect$$$$00000000)
    _main_stk                                0x08000189   Thumb Code     0  entry2.o(.ARM.Collect$$$$00000001)
    _main_scatterload                        0x0800018d   Thumb Code     0  entry5.o(.ARM.Collect$$$$00000004)
    __main_after_scatterload                 0x08000191   Thumb Code     0  entry5.o(.ARM.Collect$$$$00000004)
    _main_clock                              0x08000191   Thumb Code     0  entry7b.o(.ARM.Collect$$$$00000008)
    _main_cpp_init                           0x08000191   Thumb Code     0  entry8b.o(.ARM.Collect$$$$0000000A)
    _main_init                               0x08000191   Thumb Code     0  entry9a.o(.ARM.Collect$$$$0000000B)
    __rt_final_cpp                           0x08000199   Thumb Code     0  entry10a.o(.ARM.Collect$$$$0000000D)
    __rt_final_exit                          0x08000199   Thumb Code     0  entry11a.o(.ARM.Collect$$$$0000000F)
    SVC_Handler                              0x0800019d   Thumb Code    28  port.o(.emb_text)
    __asm___6_port_c_39a90d8d__prvStartFirstTask 0x080001bd   Thumb Code    36  port.o(.emb_text)
    __asm___6_port_c_39a90d8d__prvEnableVFP  0x080001e5   Thumb Code    16  port.o(.emb_text)
    PendSV_Handler                           0x080001f9   Thumb Code    88  port.o(.emb_text)
    vPortGetIPSR                             0x08000255   Thumb Code     6  port.o(.emb_text)
    Reset_Handler                            0x0800025d   Thumb Code     8  startup_stm32f407xx.o(.text)
    ADC_IRQHandler                           0x08000277   Thumb Code     0  startup_stm32f407xx.o(.text)
    CAN1_SCE_IRQHandler                      0x08000277   Thumb Code     0  startup_stm32f407xx.o(.text)
    CAN2_RX0_IRQHandler                      0x08000277   Thumb Code     0  startup_stm32f407xx.o(.text)
    CAN2_RX1_IRQHandler                      0x08000277   Thumb Code     0  startup_stm32f407xx.o(.text)
    CAN2_SCE_IRQHandler                      0x08000277   Thumb Code     0  startup_stm32f407xx.o(.text)
    CAN2_TX_IRQHandler                       0x08000277   Thumb Code     0  startup_stm32f407xx.o(.text)
    DCMI_IRQHandler                          0x08000277   Thumb Code     0  startup_stm32f407xx.o(.text)
    DMA1_Stream0_IRQHandler                  0x08000277   Thumb Code     0  startup_stm32f407xx.o(.text)
    DMA1_Stream2_IRQHandler                  0x08000277   Thumb Code     0  startup_stm32f407xx.o(.text)
    DMA1_Stream4_IRQHandler                  0x08000277   Thumb Code     0  startup_stm32f407xx.o(.text)
    DMA1_Stream5_IRQHandler                  0x08000277   Thumb Code     0  startup_stm32f407xx.o(.text)
    DMA1_Stream6_IRQHandler                  0x08000277   Thumb Code     0  startup_stm32f407xx.o(.text)
    DMA1_Stream7_IRQHandler                  0x08000277   Thumb Code     0  startup_stm32f407xx.o(.text)
    DMA2_Stream0_IRQHandler                  0x08000277   Thumb Code     0  startup_stm32f407xx.o(.text)
    DMA2_Stream1_IRQHandler                  0x08000277   Thumb Code     0  startup_stm32f407xx.o(.text)
    DMA2_Stream2_IRQHandler                  0x08000277   Thumb Code     0  startup_stm32f407xx.o(.text)
    DMA2_Stream3_IRQHandler                  0x08000277   Thumb Code     0  startup_stm32f407xx.o(.text)
    DMA2_Stream4_IRQHandler                  0x08000277   Thumb Code     0  startup_stm32f407xx.o(.text)
    DMA2_Stream5_IRQHandler                  0x08000277   Thumb Code     0  startup_stm32f407xx.o(.text)
    DMA2_Stream6_IRQHandler                  0x08000277   Thumb Code     0  startup_stm32f407xx.o(.text)
    DMA2_Stream7_IRQHandler                  0x08000277   Thumb Code     0  startup_stm32f407xx.o(.text)
    ETH_IRQHandler                           0x08000277   Thumb Code     0  startup_stm32f407xx.o(.text)
    ETH_WKUP_IRQHandler                      0x08000277   Thumb Code     0  startup_stm32f407xx.o(.text)
    EXTI0_IRQHandler                         0x08000277   Thumb Code     0  startup_stm32f407xx.o(.text)
    EXTI15_10_IRQHandler                     0x08000277   Thumb Code     0  startup_stm32f407xx.o(.text)
    EXTI1_IRQHandler                         0x08000277   Thumb Code     0  startup_stm32f407xx.o(.text)
    EXTI2_IRQHandler                         0x08000277   Thumb Code     0  startup_stm32f407xx.o(.text)
    EXTI3_IRQHandler                         0x08000277   Thumb Code     0  startup_stm32f407xx.o(.text)
    EXTI4_IRQHandler                         0x08000277   Thumb Code     0  startup_stm32f407xx.o(.text)
    EXTI9_5_IRQHandler                       0x08000277   Thumb Code     0  startup_stm32f407xx.o(.text)
    FLASH_IRQHandler                         0x08000277   Thumb Code     0  startup_stm32f407xx.o(.text)
    FMC_IRQHandler                           0x08000277   Thumb Code     0  startup_stm32f407xx.o(.text)
    FPU_IRQHandler                           0x08000277   Thumb Code     0  startup_stm32f407xx.o(.text)
    HASH_RNG_IRQHandler                      0x08000277   Thumb Code     0  startup_stm32f407xx.o(.text)
    I2C1_ER_IRQHandler                       0x08000277   Thumb Code     0  startup_stm32f407xx.o(.text)
    I2C1_EV_IRQHandler                       0x08000277   Thumb Code     0  startup_stm32f407xx.o(.text)
    I2C2_ER_IRQHandler                       0x08000277   Thumb Code     0  startup_stm32f407xx.o(.text)
    I2C2_EV_IRQHandler                       0x08000277   Thumb Code     0  startup_stm32f407xx.o(.text)
    I2C3_ER_IRQHandler                       0x08000277   Thumb Code     0  startup_stm32f407xx.o(.text)
    I2C3_EV_IRQHandler                       0x08000277   Thumb Code     0  startup_stm32f407xx.o(.text)
    OTG_FS_IRQHandler                        0x08000277   Thumb Code     0  startup_stm32f407xx.o(.text)
    OTG_FS_WKUP_IRQHandler                   0x08000277   Thumb Code     0  startup_stm32f407xx.o(.text)
    OTG_HS_EP1_IN_IRQHandler                 0x08000277   Thumb Code     0  startup_stm32f407xx.o(.text)
    OTG_HS_EP1_OUT_IRQHandler                0x08000277   Thumb Code     0  startup_stm32f407xx.o(.text)
    OTG_HS_IRQHandler                        0x08000277   Thumb Code     0  startup_stm32f407xx.o(.text)
    OTG_HS_WKUP_IRQHandler                   0x08000277   Thumb Code     0  startup_stm32f407xx.o(.text)
    PVD_IRQHandler                           0x08000277   Thumb Code     0  startup_stm32f407xx.o(.text)
    RCC_IRQHandler                           0x08000277   Thumb Code     0  startup_stm32f407xx.o(.text)
    RTC_Alarm_IRQHandler                     0x08000277   Thumb Code     0  startup_stm32f407xx.o(.text)
    RTC_WKUP_IRQHandler                      0x08000277   Thumb Code     0  startup_stm32f407xx.o(.text)
    SDIO_IRQHandler                          0x08000277   Thumb Code     0  startup_stm32f407xx.o(.text)
    SPI1_IRQHandler                          0x08000277   Thumb Code     0  startup_stm32f407xx.o(.text)
    SPI2_IRQHandler                          0x08000277   Thumb Code     0  startup_stm32f407xx.o(.text)
    SPI3_IRQHandler                          0x08000277   Thumb Code     0  startup_stm32f407xx.o(.text)
    TAMP_STAMP_IRQHandler                    0x08000277   Thumb Code     0  startup_stm32f407xx.o(.text)
    TIM1_BRK_TIM9_IRQHandler                 0x08000277   Thumb Code     0  startup_stm32f407xx.o(.text)
    TIM1_CC_IRQHandler                       0x08000277   Thumb Code     0  startup_stm32f407xx.o(.text)
    TIM1_TRG_COM_TIM11_IRQHandler            0x08000277   Thumb Code     0  startup_stm32f407xx.o(.text)
    TIM1_UP_TIM10_IRQHandler                 0x08000277   Thumb Code     0  startup_stm32f407xx.o(.text)
    TIM4_IRQHandler                          0x08000277   Thumb Code     0  startup_stm32f407xx.o(.text)
    TIM5_IRQHandler                          0x08000277   Thumb Code     0  startup_stm32f407xx.o(.text)
    TIM6_DAC_IRQHandler                      0x08000277   Thumb Code     0  startup_stm32f407xx.o(.text)
    TIM7_IRQHandler                          0x08000277   Thumb Code     0  startup_stm32f407xx.o(.text)
    TIM8_BRK_TIM12_IRQHandler                0x08000277   Thumb Code     0  startup_stm32f407xx.o(.text)
    TIM8_CC_IRQHandler                       0x08000277   Thumb Code     0  startup_stm32f407xx.o(.text)
    TIM8_TRG_COM_TIM14_IRQHandler            0x08000277   Thumb Code     0  startup_stm32f407xx.o(.text)
    TIM8_UP_TIM13_IRQHandler                 0x08000277   Thumb Code     0  startup_stm32f407xx.o(.text)
    USART2_IRQHandler                        0x08000277   Thumb Code     0  startup_stm32f407xx.o(.text)
    USART6_IRQHandler                        0x08000277   Thumb Code     0  startup_stm32f407xx.o(.text)
    WWDG_IRQHandler                          0x08000277   Thumb Code     0  startup_stm32f407xx.o(.text)
    __aeabi_uldivmod                         0x08000281   Thumb Code    98  uldiv.o(.text)
    ___aeabi_memcpy8$move                    0x080002e3   Thumb Code     0  memmovea.o(.text)
    __aeabi_memcpy                           0x080002e3   Thumb Code    64  memmovea.o(.text)
    __aeabi_memcpy4                          0x080002e3   Thumb Code     0  memmovea.o(.text)
    __aeabi_memmove                          0x080002e3   Thumb Code     0  memmovea.o(.text)
    __aeabi_memmove4                         0x080002e3   Thumb Code     0  memmovea.o(.text)
    __aeabi_memmove8                         0x080002e3   Thumb Code     0  memmovea.o(.text)
    __aeabi_memset                           0x08000323   Thumb Code    14  memseta.o(.text)
    __aeabi_memset4                          0x08000323   Thumb Code     0  memseta.o(.text)
    __aeabi_memset8                          0x08000323   Thumb Code     0  memseta.o(.text)
    __aeabi_memclr                           0x08000331   Thumb Code     4  memseta.o(.text)
    __aeabi_memclr4                          0x08000331   Thumb Code     0  memseta.o(.text)
    __aeabi_memclr8                          0x08000331   Thumb Code     0  memseta.o(.text)
    memset                                   0x08000335   Thumb Code    18  memseta.o(.text)
    __aeabi_llsl                             0x08000347   Thumb Code    30  llshl.o(.text)
    _ll_shift_l                              0x08000347   Thumb Code     0  llshl.o(.text)
    __aeabi_llsr                             0x08000365   Thumb Code    32  llushr.o(.text)
    _ll_ushift_r                             0x08000365   Thumb Code     0  llushr.o(.text)
    __scatterload                            0x08000385   Thumb Code    28  init.o(.text)
    __scatterload_rt2                        0x08000385   Thumb Code     0  init.o(.text)
    BusFault_Handler                         0x08000509   Thumb Code     4  stm32f4xx_it.o(i.BusFault_Handler)
    CAN1_RX0_IRQHandler                      0x0800050d   Thumb Code    10  stm32f4xx_it.o(i.CAN1_RX0_IRQHandler)
    CAN1_RX1_IRQHandler                      0x0800051d   Thumb Code    10  stm32f4xx_it.o(i.CAN1_RX1_IRQHandler)
    CAN1_TX_IRQHandler                       0x0800052d   Thumb Code    10  stm32f4xx_it.o(i.CAN1_TX_IRQHandler)
    CheckSum                                 0x0800053d   Thumb Code    36  bluetooth_rutrans.o(i.CheckSum)
    DMA1_Stream1_IRQHandler                  0x08000561   Thumb Code    10  stm32f4xx_it.o(i.DMA1_Stream1_IRQHandler)
    DMA1_Stream3_IRQHandler                  0x08000571   Thumb Code    10  stm32f4xx_it.o(i.DMA1_Stream3_IRQHandler)
    DebugMon_Handler                         0x0800065f   Thumb Code     2  stm32f4xx_it.o(i.DebugMon_Handler)
    Error_Handler                            0x08000661   Thumb Code     2  main.o(i.Error_Handler)
    HAL_ADC_ConfigChannel                    0x08000665   Thumb Code   380  stm32f4xx_hal_adc.o(i.HAL_ADC_ConfigChannel)
    HAL_ADC_Init                             0x080007f1   Thumb Code   100  stm32f4xx_hal_adc.o(i.HAL_ADC_Init)
    HAL_ADC_MspInit                          0x08000859   Thumb Code   114  stm32f4xx_hal_msp.o(i.HAL_ADC_MspInit)
    HAL_CAN_ErrorCallback                    0x080008d9   Thumb Code     2  stm32f4xx_hal_can.o(i.HAL_CAN_ErrorCallback)
    HAL_CAN_IRQHandler                       0x080008db   Thumb Code   590  stm32f4xx_hal_can.o(i.HAL_CAN_IRQHandler)
    HAL_CAN_Init                             0x08000b29   Thumb Code   372  stm32f4xx_hal_can.o(i.HAL_CAN_Init)
    HAL_CAN_MspInit                          0x08000c9d   Thumb Code   168  stm32f4xx_hal_msp.o(i.HAL_CAN_MspInit)
    HAL_CAN_RxFifo0FullCallback              0x08000d51   Thumb Code     2  stm32f4xx_hal_can.o(i.HAL_CAN_RxFifo0FullCallback)
    HAL_CAN_RxFifo0MsgPendingCallback        0x08000d53   Thumb Code     2  stm32f4xx_hal_can.o(i.HAL_CAN_RxFifo0MsgPendingCallback)
    HAL_CAN_RxFifo1FullCallback              0x08000d55   Thumb Code     2  stm32f4xx_hal_can.o(i.HAL_CAN_RxFifo1FullCallback)
    HAL_CAN_RxFifo1MsgPendingCallback        0x08000d57   Thumb Code     2  stm32f4xx_hal_can.o(i.HAL_CAN_RxFifo1MsgPendingCallback)
    HAL_CAN_SleepCallback                    0x08000d59   Thumb Code     2  stm32f4xx_hal_can.o(i.HAL_CAN_SleepCallback)
    HAL_CAN_TxMailbox0AbortCallback          0x08000d5b   Thumb Code     2  stm32f4xx_hal_can.o(i.HAL_CAN_TxMailbox0AbortCallback)
    HAL_CAN_TxMailbox0CompleteCallback       0x08000d5d   Thumb Code     2  stm32f4xx_hal_can.o(i.HAL_CAN_TxMailbox0CompleteCallback)
    HAL_CAN_TxMailbox1AbortCallback          0x08000d5f   Thumb Code     2  stm32f4xx_hal_can.o(i.HAL_CAN_TxMailbox1AbortCallback)
    HAL_CAN_TxMailbox1CompleteCallback       0x08000d61   Thumb Code     2  stm32f4xx_hal_can.o(i.HAL_CAN_TxMailbox1CompleteCallback)
    HAL_CAN_TxMailbox2AbortCallback          0x08000d63   Thumb Code     2  stm32f4xx_hal_can.o(i.HAL_CAN_TxMailbox2AbortCallback)
    HAL_CAN_TxMailbox2CompleteCallback       0x08000d65   Thumb Code     2  stm32f4xx_hal_can.o(i.HAL_CAN_TxMailbox2CompleteCallback)
    HAL_CAN_WakeUpFromRxMsgCallback          0x08000d67   Thumb Code     2  stm32f4xx_hal_can.o(i.HAL_CAN_WakeUpFromRxMsgCallback)
    HAL_DMA_Abort_IT                         0x08000d69   Thumb Code    40  stm32f4xx_hal_dma.o(i.HAL_DMA_Abort_IT)
    HAL_DMA_IRQHandler                       0x08000d91   Thumb Code   570  stm32f4xx_hal_dma.o(i.HAL_DMA_IRQHandler)
    HAL_DMA_Init                             0x08000fd1   Thumb Code   232  stm32f4xx_hal_dma.o(i.HAL_DMA_Init)
    HAL_GPIO_Init                            0x080010bd   Thumb Code   466  stm32f4xx_hal_gpio.o(i.HAL_GPIO_Init)
    HAL_GPIO_ReadPin                         0x080012bd   Thumb Code    16  stm32f4xx_hal_gpio.o(i.HAL_GPIO_ReadPin)
    HAL_GPIO_TogglePin                       0x080012cd   Thumb Code    18  stm32f4xx_hal_gpio.o(i.HAL_GPIO_TogglePin)
    HAL_GPIO_WritePin                        0x080012df   Thumb Code    12  stm32f4xx_hal_gpio.o(i.HAL_GPIO_WritePin)
    HAL_GetTick                              0x080012ed   Thumb Code     6  stm32f4xx_hal.o(i.HAL_GetTick)
    HAL_IWDG_Init                            0x080012f9   Thumb Code    80  stm32f4xx_hal_iwdg.o(i.HAL_IWDG_Init)
    HAL_IncTick                              0x08001349   Thumb Code    16  stm32f4xx_hal.o(i.HAL_IncTick)
    HAL_Init                                 0x08001361   Thumb Code    54  stm32f4xx_hal.o(i.HAL_Init)
    HAL_InitTick                             0x0800139d   Thumb Code   124  stm32f4xx_hal_timebase_tim.o(i.HAL_InitTick)
    HAL_MspInit                              0x08001425   Thumb Code    78  stm32f4xx_hal_msp.o(i.HAL_MspInit)
    HAL_NVIC_EnableIRQ                       0x08001479   Thumb Code    32  stm32f4xx_hal_cortex.o(i.HAL_NVIC_EnableIRQ)
    HAL_NVIC_SetPriority                     0x08001499   Thumb Code   124  stm32f4xx_hal_cortex.o(i.HAL_NVIC_SetPriority)
    HAL_NVIC_SetPriorityGrouping             0x08001515   Thumb Code    32  stm32f4xx_hal_cortex.o(i.HAL_NVIC_SetPriorityGrouping)
    HAL_RCC_ClockConfig                      0x0800153d   Thumb Code   368  stm32f4xx_hal_rcc.o(i.HAL_RCC_ClockConfig)
    HAL_RCC_GetClockConfig                   0x080016c1   Thumb Code    58  stm32f4xx_hal_rcc.o(i.HAL_RCC_GetClockConfig)
    HAL_RCC_GetHCLKFreq                      0x08001705   Thumb Code     6  stm32f4xx_hal_rcc.o(i.HAL_RCC_GetHCLKFreq)
    HAL_RCC_GetPCLK1Freq                     0x08001711   Thumb Code    22  stm32f4xx_hal_rcc.o(i.HAL_RCC_GetPCLK1Freq)
    HAL_RCC_GetPCLK2Freq                     0x08001731   Thumb Code    22  stm32f4xx_hal_rcc.o(i.HAL_RCC_GetPCLK2Freq)
    HAL_RCC_GetSysClockFreq                  0x08001751   Thumb Code   162  stm32f4xx_hal_rcc.o(i.HAL_RCC_GetSysClockFreq)
    HAL_RCC_OscConfig                        0x08001801   Thumb Code  1152  stm32f4xx_hal_rcc.o(i.HAL_RCC_OscConfig)
    HAL_TIMEx_BreakCallback                  0x08001c89   Thumb Code     2  stm32f4xx_hal_tim_ex.o(i.HAL_TIMEx_BreakCallback)
    HAL_TIMEx_CommutCallback                 0x08001c8b   Thumb Code     2  stm32f4xx_hal_tim_ex.o(i.HAL_TIMEx_CommutCallback)
    HAL_TIMEx_MasterConfigSynchronization    0x08001c8d   Thumb Code   150  stm32f4xx_hal_tim_ex.o(i.HAL_TIMEx_MasterConfigSynchronization)
    HAL_TIM_Base_Init                        0x08001d41   Thumb Code    52  stm32f4xx_hal_tim.o(i.HAL_TIM_Base_Init)
    HAL_TIM_Base_MspInit                     0x08001d75   Thumb Code     2  stm32f4xx_hal_tim.o(i.HAL_TIM_Base_MspInit)
    HAL_TIM_Base_Start_IT                    0x08001d77   Thumb Code    42  stm32f4xx_hal_tim.o(i.HAL_TIM_Base_Start_IT)
    HAL_TIM_Encoder_Init                     0x08001da1   Thumb Code   174  stm32f4xx_hal_tim.o(i.HAL_TIM_Encoder_Init)
    HAL_TIM_Encoder_MspInit                  0x08001e51   Thumb Code   242  stm32f4xx_hal_msp.o(i.HAL_TIM_Encoder_MspInit)
    HAL_TIM_IC_CaptureCallback               0x08001f59   Thumb Code     2  stm32f4xx_hal_tim.o(i.HAL_TIM_IC_CaptureCallback)
    HAL_TIM_IRQHandler                       0x08001f5b   Thumb Code   406  stm32f4xx_hal_tim.o(i.HAL_TIM_IRQHandler)
    HAL_TIM_OC_DelayElapsedCallback          0x080020f1   Thumb Code     2  stm32f4xx_hal_tim.o(i.HAL_TIM_OC_DelayElapsedCallback)
    HAL_TIM_PWM_PulseFinishedCallback        0x080020f3   Thumb Code     2  stm32f4xx_hal_tim.o(i.HAL_TIM_PWM_PulseFinishedCallback)
    HAL_TIM_PeriodElapsedCallback            0x080020f5   Thumb Code    18  main.o(i.HAL_TIM_PeriodElapsedCallback)
    HAL_TIM_TriggerCallback                  0x08002107   Thumb Code     2  stm32f4xx_hal_tim.o(i.HAL_TIM_TriggerCallback)
    HAL_UART_ErrorCallback                   0x08002109   Thumb Code    54  bluetooth_rutrans.o(i.HAL_UART_ErrorCallback)
    HAL_UART_IRQHandler                      0x0800214d   Thumb Code   336  stm32f4xx_hal_uart.o(i.HAL_UART_IRQHandler)
    HAL_UART_Init                            0x080022a1   Thumb Code   114  stm32f4xx_hal_uart.o(i.HAL_UART_Init)
    HAL_UART_MspInit                         0x08002315   Thumb Code   692  stm32f4xx_hal_msp.o(i.HAL_UART_MspInit)
    HAL_UART_Receive_IT                      0x080025f5   Thumb Code   112  stm32f4xx_hal_uart.o(i.HAL_UART_Receive_IT)
    HAL_UART_RxCpltCallback                  0x08002665   Thumb Code    32  bluetooth_rutrans.o(i.HAL_UART_RxCpltCallback)
    HAL_UART_Transmit                        0x08002695   Thumb Code   216  stm32f4xx_hal_uart.o(i.HAL_UART_Transmit)
    HAL_UART_TxCpltCallback                  0x0800276d   Thumb Code     2  stm32f4xx_hal_uart.o(i.HAL_UART_TxCpltCallback)
    HardFault_Handler                        0x0800276f   Thumb Code     4  stm32f4xx_it.o(i.HardFault_Handler)
    MemManage_Handler                        0x08002c61   Thumb Code     4  stm32f4xx_it.o(i.MemManage_Handler)
    NMI_Handler                              0x08002c65   Thumb Code     2  stm32f4xx_it.o(i.NMI_Handler)
    StartDefaultTask                         0x08002cfd   Thumb Code    14  main.o(i.StartDefaultTask)
    SysTick_Handler                          0x08002d0d   Thumb Code    46  port.o(i.SysTick_Handler)
    SystemClock_Config                       0x08002d41   Thumb Code   176  main.o(i.SystemClock_Config)
    SystemInit                               0x08002df9   Thumb Code    24  system_stm32f4xx.o(i.SystemInit)
    TIM2_IRQHandler                          0x08002e15   Thumb Code    10  stm32f4xx_it.o(i.TIM2_IRQHandler)
    TIM3_IRQHandler                          0x08002e25   Thumb Code    10  stm32f4xx_it.o(i.TIM3_IRQHandler)
    TIM_Base_SetConfig                       0x08002e35   Thumb Code   170  stm32f4xx_hal_tim.o(i.TIM_Base_SetConfig)
    UART4_IRQHandler                         0x08002f0d   Thumb Code    10  stm32f4xx_it.o(i.UART4_IRQHandler)
    UART5_IRQHandler                         0x08002f1d   Thumb Code    10  stm32f4xx_it.o(i.UART5_IRQHandler)
    USART1_IRQHandler                        0x080034e5   Thumb Code    10  stm32f4xx_it.o(i.USART1_IRQHandler)
    USART3_IRQHandler                        0x080034f5   Thumb Code    10  stm32f4xx_it.o(i.USART3_IRQHandler)
    USART_ReadData                           0x08003505   Thumb Code    26  bluetooth_rutrans.o(i.USART_ReadData)
    USART_SendData                           0x0800351f   Thumb Code    30  bluetooth_rutrans.o(i.USART_SendData)
    UsageFault_Handler                       0x0800353d   Thumb Code     4  stm32f4xx_it.o(i.UsageFault_Handler)
    __0printf$5                              0x08003541   Thumb Code    22  printf5.o(i.__0printf$5)
    __1printf$5                              0x08003541   Thumb Code     0  printf5.o(i.__0printf$5)
    __2printf                                0x08003541   Thumb Code     0  printf5.o(i.__0printf$5)
    __scatterload_copy                       0x08003599   Thumb Code    14  handlers.o(i.__scatterload_copy)
    __scatterload_null                       0x080035a7   Thumb Code     2  handlers.o(i.__scatterload_null)
    __scatterload_zeroinit                   0x080035a9   Thumb Code    14  handlers.o(i.__scatterload_zeroinit)
    bufferRead                               0x08003879   Thumb Code   112  bluetooth_rutrans.o(i.bufferRead)
    bufferWrite                              0x080038ed   Thumb Code    54  bluetooth_rutrans.o(i.bufferWrite)
    fputc                                    0x08003b29   Thumb Code    22  debug_print.o(i.fputc)
    initCommunication_down                   0x08003c11   Thumb Code    80  communication_down.o(i.initCommunication_down)
    initCommunication_up                     0x08003ca1   Thumb Code    34  communication_up.o(i.initCommunication_up)
    initMotionController                     0x08003ce1   Thumb Code    42  motion_controller.o(i.initMotionController)
    main                                     0x08003d99   Thumb Code    84  main.o(i.main)
    osDelay                                  0x08003e15   Thumb Code    24  cmsis_os.o(i.osDelay)
    osKernelStart                            0x08003e2d   Thumb Code    10  cmsis_os.o(i.osKernelStart)
    osThreadCreate                           0x08003e37   Thumb Code    94  cmsis_os.o(i.osThreadCreate)
    pvPortMalloc                             0x080043ed   Thumb Code   296  heap_4.o(i.pvPortMalloc)
    pvTaskIncrementMutexHeldCount            0x08004529   Thumb Code    26  tasks.o(i.pvTaskIncrementMutexHeldCount)
    pxPortInitialiseStack                    0x08004549   Thumb Code    38  port.o(i.pxPortInitialiseStack)
    userTaskInit                             0x080047c5   Thumb Code    44  user_task.o(i.userTaskInit)
    uxListRemove                             0x080047f9   Thumb Code    40  list.o(i.uxListRemove)
    vApplicationGetIdleTaskMemory            0x08004821   Thumb Code    14  freertos.o(i.vApplicationGetIdleTaskMemory)
    vListInitialise                          0x08004839   Thumb Code    26  list.o(i.vListInitialise)
    vListInitialiseItem                      0x08004853   Thumb Code     6  list.o(i.vListInitialiseItem)
    vListInsert                              0x08004859   Thumb Code    52  list.o(i.vListInsert)
    vListInsertEnd                           0x0800488d   Thumb Code    24  list.o(i.vListInsertEnd)
    vPortEnterCritical                       0x080048a5   Thumb Code    76  port.o(i.vPortEnterCritical)
    vPortExitCritical                        0x080048f9   Thumb Code    56  port.o(i.vPortExitCritical)
    vPortFree                                0x08004935   Thumb Code   140  heap_4.o(i.vPortFree)
    vPortSetupTimerInterrupt                 0x080049c9   Thumb Code    36  port.o(i.vPortSetupTimerInterrupt)
    vPortValidateInterruptPriority           0x080049f1   Thumb Code   106  port.o(i.vPortValidateInterruptPriority)
    vTaskDelay                               0x08004a69   Thumb Code    82  tasks.o(i.vTaskDelay)
    vTaskInternalSetTimeOutState             0x08004ac5   Thumb Code    14  tasks.o(i.vTaskInternalSetTimeOutState)
    vTaskMissedYield                         0x08004add   Thumb Code     8  tasks.o(i.vTaskMissedYield)
    vTaskPlaceOnEventList                    0x08004ae9   Thumb Code    52  tasks.o(i.vTaskPlaceOnEventList)
    vTaskPriorityDisinheritAfterTimeout      0x08004b21   Thumb Code   230  tasks.o(i.vTaskPriorityDisinheritAfterTimeout)
    vTaskStartScheduler                      0x08004c15   Thumb Code   146  tasks.o(i.vTaskStartScheduler)
    vTaskSuspendAll                          0x08004cc5   Thumb Code    12  tasks.o(i.vTaskSuspendAll)
    vTaskSwitchContext                       0x08004cd5   Thumb Code   118  tasks.o(i.vTaskSwitchContext)
    xPortStartScheduler                      0x08004d61   Thumb Code   330  port.o(i.xPortStartScheduler)
    xQueueGenericCreate                      0x08004ec9   Thumb Code    96  queue.o(i.xQueueGenericCreate)
    xQueueGenericReset                       0x08004f29   Thumb Code   146  queue.o(i.xQueueGenericReset)
    xQueueGiveFromISR                        0x08004fc1   Thumb Code   224  queue.o(i.xQueueGiveFromISR)
    xQueueSemaphoreTake                      0x080050a1   Thumb Code   434  queue.o(i.xQueueSemaphoreTake)
    xTaskCheckForTimeOut                     0x08005259   Thumb Code   132  tasks.o(i.xTaskCheckForTimeOut)
    xTaskCreate                              0x080052e5   Thumb Code   100  tasks.o(i.xTaskCreate)
    xTaskCreateStatic                        0x08005349   Thumb Code   186  tasks.o(i.xTaskCreateStatic)
    xTaskGetSchedulerState                   0x08005405   Thumb Code    24  tasks.o(i.xTaskGetSchedulerState)
    xTaskIncrementTick                       0x08005425   Thumb Code   282  tasks.o(i.xTaskIncrementTick)
    xTaskPriorityInherit                     0x0800556d   Thumb Code   186  tasks.o(i.xTaskPriorityInherit)
    xTaskRemoveFromEventList                 0x08005635   Thumb Code   128  tasks.o(i.xTaskRemoveFromEventList)
    xTaskResumeAll                           0x080056cd   Thumb Code   224  tasks.o(i.xTaskResumeAll)
    AHBPrescTable                            0x08005800   Data          16  system_stm32f4xx.o(.constdata)
    APBPrescTable                            0x08005810   Data           8  system_stm32f4xx.o(.constdata)
    Region$$Table$$Base                      0x08005824   Number         0  anon$$obj.o(Region$$Table)
    Region$$Table$$Limit                     0x08005864   Number         0  anon$$obj.o(Region$$Table)
    sFlag                                    0x10000030   Data           1  communication_down.o(.data)
    controlCmds                              0x10000031   Data           8  communication_down.o(.data)
    defaultTaskHandle                        0x10000048   Data           4  main.o(.data)
    __stdout                                 0x10000058   Data           4  stdout.o(.data)
    htim2                                    0x100000a8   Data          64  stm32f4xx_hal_timebase_tim.o(.bss)
    stateBackDigt                            0x20000000   Data           1  communication_up.o(.data)
    BinarySem_Rx                             0x2000000c   Data           4  bluetooth_rutrans.o(.data)
    uwTick                                   0x20000028   Data           4  stm32f4xx_hal.o(.data)
    uwTickPrio                               0x2000002c   Data           4  stm32f4xx_hal.o(.data)
    uwTickFreq                               0x20000030   Data           1  stm32f4xx_hal.o(.data)
    SystemCoreClock                          0x20000034   Data           4  system_stm32f4xx.o(.data)
    pxCurrentTCB                             0x20000038   Data           4  tasks.o(.data)
    aRxBuffer                                0x2000008c   Data          20  bluetooth_rutrans.o(.bss)
    tempRxBuff                               0x200000a0   Data        1026  bluetooth_rutrans.o(.bss)
    stateBackToBoxs                          0x200008a2   Data          34  communication_down.o(.bss)
    RxBuffer                                 0x200008c4   Data        1026  communication_down.o(.bss)
    hadc1                                    0x20000cc8   Data          72  main.o(.bss)
    hcan1                                    0x20000d10   Data          40  main.o(.bss)
    hiwdg                                    0x20000d38   Data          12  main.o(.bss)
    htim3                                    0x20000d44   Data          64  main.o(.bss)
    htim4                                    0x20000d84   Data          64  main.o(.bss)
    huart4                                   0x20000dc4   Data          64  main.o(.bss)
    huart5                                   0x20000e04   Data          64  main.o(.bss)
    huart1                                   0x20000e44   Data          64  main.o(.bss)
    huart3                                   0x20000e84   Data          64  main.o(.bss)
    hdma_usart3_rx                           0x20000ec4   Data          96  main.o(.bss)
    hdma_usart3_tx                           0x20000f24   Data          96  main.o(.bss)
    __initial_sp                             0x200101d8   Data           0  startup_stm32f407xx.o(STACK)



==============================================================================

Memory Map of the image

  Image Entry point : 0x08000189

  Load Region LR_IROM1 (Base: 0x08000000, Size: 0x0000594c, Max: 0x00080000, ABSOLUTE)

    Execution Region ER_IROM1 (Exec base: 0x08000000, Load base: 0x08000000, Size: 0x00005864, Max: 0x00080000, ABSOLUTE)

    Exec Addr    Load Addr    Size         Type   Attr      Idx    E Section Name        Object

    0x08000000   0x08000000   0x00000188   Data   RO            3    RESET               startup_stm32f407xx.o
    0x08000188   0x08000188   0x00000000   Code   RO         5283  * .ARM.Collect$$$$00000000  mc_w.l(entry.o)
    0x08000188   0x08000188   0x00000004   Code   RO         5561    .ARM.Collect$$$$00000001  mc_w.l(entry2.o)
    0x0800018c   0x0800018c   0x00000004   Code   RO         5564    .ARM.Collect$$$$00000004  mc_w.l(entry5.o)
    0x08000190   0x08000190   0x00000000   Code   RO         5566    .ARM.Collect$$$$00000008  mc_w.l(entry7b.o)
    0x08000190   0x08000190   0x00000000   Code   RO         5568    .ARM.Collect$$$$0000000A  mc_w.l(entry8b.o)
    0x08000190   0x08000190   0x00000008   Code   RO         5569    .ARM.Collect$$$$0000000B  mc_w.l(entry9a.o)
    0x08000198   0x08000198   0x00000000   Code   RO         5571    .ARM.Collect$$$$0000000D  mc_w.l(entry10a.o)
    0x08000198   0x08000198   0x00000000   Code   RO         5573    .ARM.Collect$$$$0000000F  mc_w.l(entry11a.o)
    0x08000198   0x08000198   0x00000004   Code   RO         5562    .ARM.Collect$$$$00002712  mc_w.l(entry2.o)
    0x0800019c   0x0800019c   0x000000be   Code   RO         5206    .emb_text           port.o
    0x0800025a   0x0800025a   0x00000002   PAD
    0x0800025c   0x0800025c   0x00000024   Code   RO            4    .text               startup_stm32f407xx.o
    0x08000280   0x08000280   0x00000062   Code   RO         5286    .text               mc_w.l(uldiv.o)
    0x080002e2   0x080002e2   0x00000040   Code   RO         5290    .text               mc_w.l(memmovea.o)
    0x08000322   0x08000322   0x00000024   Code   RO         5294    .text               mc_w.l(memseta.o)
    0x08000346   0x08000346   0x0000001e   Code   RO         5578    .text               mc_w.l(llshl.o)
    0x08000364   0x08000364   0x00000020   Code   RO         5580    .text               mc_w.l(llushr.o)
    0x08000384   0x08000384   0x00000024   Code   RO         5593    .text               mc_w.l(init.o)
    0x080003a8   0x080003a8   0x00000160   Code   RO          970    i.ADC_Init          stm32f4xx_hal_adc.o
    0x08000508   0x08000508   0x00000004   Code   RO          731    i.BusFault_Handler  stm32f4xx_it.o
    0x0800050c   0x0800050c   0x00000010   Code   RO          732    i.CAN1_RX0_IRQHandler  stm32f4xx_it.o
    0x0800051c   0x0800051c   0x00000010   Code   RO          733    i.CAN1_RX1_IRQHandler  stm32f4xx_it.o
    0x0800052c   0x0800052c   0x00000010   Code   RO          734    i.CAN1_TX_IRQHandler  stm32f4xx_it.o
    0x0800053c   0x0800053c   0x00000024   Code   RO          420    i.CheckSum          bluetooth_rutrans.o
    0x08000560   0x08000560   0x00000010   Code   RO          735    i.DMA1_Stream1_IRQHandler  stm32f4xx_it.o
    0x08000570   0x08000570   0x00000010   Code   RO          736    i.DMA1_Stream3_IRQHandler  stm32f4xx_it.o
    0x08000580   0x08000580   0x00000034   Code   RO         1746    i.DMA_CalcBaseAndBitshift  stm32f4xx_hal_dma.o
    0x080005b4   0x080005b4   0x000000aa   Code   RO         1747    i.DMA_CheckFifoParam  stm32f4xx_hal_dma.o
    0x0800065e   0x0800065e   0x00000002   Code   RO          737    i.DebugMon_Handler  stm32f4xx_it.o
    0x08000660   0x08000660   0x00000002   Code   RO          596    i.Error_Handler     main.o
    0x08000662   0x08000662   0x00000002   PAD
    0x08000664   0x08000664   0x0000018c   Code   RO          972    i.HAL_ADC_ConfigChannel  stm32f4xx_hal_adc.o
    0x080007f0   0x080007f0   0x00000068   Code   RO          981    i.HAL_ADC_Init      stm32f4xx_hal_adc.o
    0x08000858   0x08000858   0x00000080   Code   RO          856    i.HAL_ADC_MspInit   stm32f4xx_hal_msp.o
    0x080008d8   0x080008d8   0x00000002   Code   RO         2430    i.HAL_CAN_ErrorCallback  stm32f4xx_hal_can.o
    0x080008da   0x080008da   0x0000024e   Code   RO         2437    i.HAL_CAN_IRQHandler  stm32f4xx_hal_can.o
    0x08000b28   0x08000b28   0x00000174   Code   RO         2438    i.HAL_CAN_Init      stm32f4xx_hal_can.o
    0x08000c9c   0x08000c9c   0x000000b4   Code   RO          858    i.HAL_CAN_MspInit   stm32f4xx_hal_msp.o
    0x08000d50   0x08000d50   0x00000002   Code   RO         2445    i.HAL_CAN_RxFifo0FullCallback  stm32f4xx_hal_can.o
    0x08000d52   0x08000d52   0x00000002   Code   RO         2446    i.HAL_CAN_RxFifo0MsgPendingCallback  stm32f4xx_hal_can.o
    0x08000d54   0x08000d54   0x00000002   Code   RO         2447    i.HAL_CAN_RxFifo1FullCallback  stm32f4xx_hal_can.o
    0x08000d56   0x08000d56   0x00000002   Code   RO         2448    i.HAL_CAN_RxFifo1MsgPendingCallback  stm32f4xx_hal_can.o
    0x08000d58   0x08000d58   0x00000002   Code   RO         2449    i.HAL_CAN_SleepCallback  stm32f4xx_hal_can.o
    0x08000d5a   0x08000d5a   0x00000002   Code   RO         2452    i.HAL_CAN_TxMailbox0AbortCallback  stm32f4xx_hal_can.o
    0x08000d5c   0x08000d5c   0x00000002   Code   RO         2453    i.HAL_CAN_TxMailbox0CompleteCallback  stm32f4xx_hal_can.o
    0x08000d5e   0x08000d5e   0x00000002   Code   RO         2454    i.HAL_CAN_TxMailbox1AbortCallback  stm32f4xx_hal_can.o
    0x08000d60   0x08000d60   0x00000002   Code   RO         2455    i.HAL_CAN_TxMailbox1CompleteCallback  stm32f4xx_hal_can.o
    0x08000d62   0x08000d62   0x00000002   Code   RO         2456    i.HAL_CAN_TxMailbox2AbortCallback  stm32f4xx_hal_can.o
    0x08000d64   0x08000d64   0x00000002   Code   RO         2457    i.HAL_CAN_TxMailbox2CompleteCallback  stm32f4xx_hal_can.o
    0x08000d66   0x08000d66   0x00000002   Code   RO         2459    i.HAL_CAN_WakeUpFromRxMsgCallback  stm32f4xx_hal_can.o
    0x08000d68   0x08000d68   0x00000028   Code   RO         1750    i.HAL_DMA_Abort_IT  stm32f4xx_hal_dma.o
    0x08000d90   0x08000d90   0x00000240   Code   RO         1754    i.HAL_DMA_IRQHandler  stm32f4xx_hal_dma.o
    0x08000fd0   0x08000fd0   0x000000ec   Code   RO         1755    i.HAL_DMA_Init      stm32f4xx_hal_dma.o
    0x080010bc   0x080010bc   0x00000200   Code   RO         1642    i.HAL_GPIO_Init     stm32f4xx_hal_gpio.o
    0x080012bc   0x080012bc   0x00000010   Code   RO         1644    i.HAL_GPIO_ReadPin  stm32f4xx_hal_gpio.o
    0x080012cc   0x080012cc   0x00000012   Code   RO         1645    i.HAL_GPIO_TogglePin  stm32f4xx_hal_gpio.o
    0x080012de   0x080012de   0x0000000c   Code   RO         1646    i.HAL_GPIO_WritePin  stm32f4xx_hal_gpio.o
    0x080012ea   0x080012ea   0x00000002   PAD
    0x080012ec   0x080012ec   0x0000000c   Code   RO         2179    i.HAL_GetTick       stm32f4xx_hal.o
    0x080012f8   0x080012f8   0x00000050   Code   RO         2658    i.HAL_IWDG_Init     stm32f4xx_hal_iwdg.o
    0x08001348   0x08001348   0x00000018   Code   RO         2185    i.HAL_IncTick       stm32f4xx_hal.o
    0x08001360   0x08001360   0x0000003c   Code   RO         2186    i.HAL_Init          stm32f4xx_hal.o
    0x0800139c   0x0800139c   0x00000088   Code   RO          928    i.HAL_InitTick      stm32f4xx_hal_timebase_tim.o
    0x08001424   0x08001424   0x00000054   Code   RO          859    i.HAL_MspInit       stm32f4xx_hal_msp.o
    0x08001478   0x08001478   0x00000020   Code   RO         2031    i.HAL_NVIC_EnableIRQ  stm32f4xx_hal_cortex.o
    0x08001498   0x08001498   0x0000007c   Code   RO         2037    i.HAL_NVIC_SetPriority  stm32f4xx_hal_cortex.o
    0x08001514   0x08001514   0x00000028   Code   RO         2038    i.HAL_NVIC_SetPriorityGrouping  stm32f4xx_hal_cortex.o
    0x0800153c   0x0800153c   0x00000184   Code   RO         1243    i.HAL_RCC_ClockConfig  stm32f4xx_hal_rcc.o
    0x080016c0   0x080016c0   0x00000044   Code   RO         1247    i.HAL_RCC_GetClockConfig  stm32f4xx_hal_rcc.o
    0x08001704   0x08001704   0x0000000c   Code   RO         1248    i.HAL_RCC_GetHCLKFreq  stm32f4xx_hal_rcc.o
    0x08001710   0x08001710   0x00000020   Code   RO         1250    i.HAL_RCC_GetPCLK1Freq  stm32f4xx_hal_rcc.o
    0x08001730   0x08001730   0x00000020   Code   RO         1251    i.HAL_RCC_GetPCLK2Freq  stm32f4xx_hal_rcc.o
    0x08001750   0x08001750   0x000000b0   Code   RO         1252    i.HAL_RCC_GetSysClockFreq  stm32f4xx_hal_rcc.o
    0x08001800   0x08001800   0x00000488   Code   RO         1255    i.HAL_RCC_OscConfig  stm32f4xx_hal_rcc.o
    0x08001c88   0x08001c88   0x00000002   Code   RO         3376    i.HAL_TIMEx_BreakCallback  stm32f4xx_hal_tim_ex.o
    0x08001c8a   0x08001c8a   0x00000002   Code   RO         3377    i.HAL_TIMEx_CommutCallback  stm32f4xx_hal_tim_ex.o
    0x08001c8c   0x08001c8c   0x000000b4   Code   RO         3394    i.HAL_TIMEx_MasterConfigSynchronization  stm32f4xx_hal_tim_ex.o
    0x08001d40   0x08001d40   0x00000034   Code   RO         2690    i.HAL_TIM_Base_Init  stm32f4xx_hal_tim.o
    0x08001d74   0x08001d74   0x00000002   Code   RO         2692    i.HAL_TIM_Base_MspInit  stm32f4xx_hal_tim.o
    0x08001d76   0x08001d76   0x0000002a   Code   RO         2695    i.HAL_TIM_Base_Start_IT  stm32f4xx_hal_tim.o
    0x08001da0   0x08001da0   0x000000ae   Code   RO         2708    i.HAL_TIM_Encoder_Init  stm32f4xx_hal_tim.o
    0x08001e4e   0x08001e4e   0x00000002   PAD
    0x08001e50   0x08001e50   0x00000108   Code   RO          861    i.HAL_TIM_Encoder_MspInit  stm32f4xx_hal_msp.o
    0x08001f58   0x08001f58   0x00000002   Code   RO         2719    i.HAL_TIM_IC_CaptureCallback  stm32f4xx_hal_tim.o
    0x08001f5a   0x08001f5a   0x00000196   Code   RO         2733    i.HAL_TIM_IRQHandler  stm32f4xx_hal_tim.o
    0x080020f0   0x080020f0   0x00000002   Code   RO         2736    i.HAL_TIM_OC_DelayElapsedCallback  stm32f4xx_hal_tim.o
    0x080020f2   0x080020f2   0x00000002   Code   RO         2763    i.HAL_TIM_PWM_PulseFinishedCallback  stm32f4xx_hal_tim.o
    0x080020f4   0x080020f4   0x00000012   Code   RO          597    i.HAL_TIM_PeriodElapsedCallback  main.o
    0x08002106   0x08002106   0x00000002   Code   RO         2776    i.HAL_TIM_TriggerCallback  stm32f4xx_hal_tim.o
    0x08002108   0x08002108   0x00000044   Code   RO          425    i.HAL_UART_ErrorCallback  bluetooth_rutrans.o
    0x0800214c   0x0800214c   0x00000154   Code   RO         3651    i.HAL_UART_IRQHandler  stm32f4xx_hal_uart.o
    0x080022a0   0x080022a0   0x00000072   Code   RO         3652    i.HAL_UART_Init     stm32f4xx_hal_uart.o
    0x08002312   0x08002312   0x00000002   PAD
    0x08002314   0x08002314   0x000002e0   Code   RO          863    i.HAL_UART_MspInit  stm32f4xx_hal_msp.o
    0x080025f4   0x080025f4   0x00000070   Code   RO         3657    i.HAL_UART_Receive_IT  stm32f4xx_hal_uart.o
    0x08002664   0x08002664   0x00000030   Code   RO          426    i.HAL_UART_RxCpltCallback  bluetooth_rutrans.o
    0x08002694   0x08002694   0x000000d8   Code   RO         3660    i.HAL_UART_Transmit  stm32f4xx_hal_uart.o
    0x0800276c   0x0800276c   0x00000002   Code   RO         3663    i.HAL_UART_TxCpltCallback  stm32f4xx_hal_uart.o
    0x0800276e   0x0800276e   0x00000004   Code   RO          738    i.HardFault_Handler  stm32f4xx_it.o
    0x08002772   0x08002772   0x00000002   PAD
    0x08002774   0x08002774   0x00000070   Code   RO          598    i.MX_ADC1_Init      main.o
    0x080027e4   0x080027e4   0x00000044   Code   RO          599    i.MX_CAN1_Init      main.o
    0x08002828   0x08002828   0x00000048   Code   RO          600    i.MX_DMA_Init       main.o
    0x08002870   0x08002870   0x000001f0   Code   RO          601    i.MX_GPIO_Init      main.o
    0x08002a60   0x08002a60   0x00000028   Code   RO          602    i.MX_IWDG_Init      main.o
    0x08002a88   0x08002a88   0x0000007c   Code   RO          603    i.MX_TIM3_Init      main.o
    0x08002b04   0x08002b04   0x0000007c   Code   RO          604    i.MX_TIM4_Init      main.o
    0x08002b80   0x08002b80   0x00000038   Code   RO          605    i.MX_UART4_Init     main.o
    0x08002bb8   0x08002bb8   0x00000038   Code   RO          606    i.MX_UART5_Init     main.o
    0x08002bf0   0x08002bf0   0x00000038   Code   RO          607    i.MX_USART1_UART_Init  main.o
    0x08002c28   0x08002c28   0x00000038   Code   RO          608    i.MX_USART3_UART_Init  main.o
    0x08002c60   0x08002c60   0x00000004   Code   RO          739    i.MemManage_Handler  stm32f4xx_it.o
    0x08002c64   0x08002c64   0x00000002   Code   RO          740    i.NMI_Handler       stm32f4xx_it.o
    0x08002c66   0x08002c66   0x00000002   PAD
    0x08002c68   0x08002c68   0x00000094   Code   RO          538    i.ParseFrame        communication_down.o
    0x08002cfc   0x08002cfc   0x0000000e   Code   RO          609    i.StartDefaultTask  main.o
    0x08002d0a   0x08002d0a   0x00000002   PAD
    0x08002d0c   0x08002d0c   0x00000034   Code   RO         5207    i.SysTick_Handler   port.o
    0x08002d40   0x08002d40   0x000000b8   Code   RO          610    i.SystemClock_Config  main.o
    0x08002df8   0x08002df8   0x0000001c   Code   RO         3959    i.SystemInit        system_stm32f4xx.o
    0x08002e14   0x08002e14   0x00000010   Code   RO          741    i.TIM2_IRQHandler   stm32f4xx_it.o
    0x08002e24   0x08002e24   0x00000010   Code   RO          742    i.TIM3_IRQHandler   stm32f4xx_it.o
    0x08002e34   0x08002e34   0x000000d8   Code   RO         2778    i.TIM_Base_SetConfig  stm32f4xx_hal_tim.o
    0x08002f0c   0x08002f0c   0x00000010   Code   RO          743    i.UART4_IRQHandler  stm32f4xx_it.o
    0x08002f1c   0x08002f1c   0x00000010   Code   RO          744    i.UART5_IRQHandler  stm32f4xx_it.o
    0x08002f2c   0x08002f2c   0x00000014   Code   RO         3665    i.UART_DMAAbortOnError  stm32f4xx_hal_uart.o
    0x08002f40   0x08002f40   0x00000020   Code   RO         3675    i.UART_EndRxTransfer  stm32f4xx_hal_uart.o
    0x08002f60   0x08002f60   0x00000020   Code   RO         3676    i.UART_EndTransmit_IT  stm32f4xx_hal_uart.o
    0x08002f80   0x08002f80   0x000000a6   Code   RO         3678    i.UART_Receive_IT   stm32f4xx_hal_uart.o
    0x08003026   0x08003026   0x00000002   PAD
    0x08003028   0x08003028   0x000003e8   Code   RO         3679    i.UART_SetConfig    stm32f4xx_hal_uart.o
    0x08003410   0x08003410   0x00000068   Code   RO         3680    i.UART_Transmit_IT  stm32f4xx_hal_uart.o
    0x08003478   0x08003478   0x0000006c   Code   RO         3681    i.UART_WaitOnFlagUntilTimeout  stm32f4xx_hal_uart.o
    0x080034e4   0x080034e4   0x00000010   Code   RO          745    i.USART1_IRQHandler  stm32f4xx_it.o
    0x080034f4   0x080034f4   0x00000010   Code   RO          746    i.USART3_IRQHandler  stm32f4xx_it.o
    0x08003504   0x08003504   0x0000001a   Code   RO          427    i.USART_ReadData    bluetooth_rutrans.o
    0x0800351e   0x0800351e   0x0000001e   Code   RO          428    i.USART_SendData    bluetooth_rutrans.o
    0x0800353c   0x0800353c   0x00000004   Code   RO          747    i.UsageFault_Handler  stm32f4xx_it.o
    0x08003540   0x08003540   0x00000020   Code   RO         5433    i.__0printf$5       mc_w.l(printf5.o)
    0x08003560   0x08003560   0x00000010   Code   RO         2044    i.__NVIC_GetPriorityGrouping  stm32f4xx_hal_cortex.o
    0x08003570   0x08003570   0x00000028   Code   RO         2045    i.__NVIC_SetPriority  stm32f4xx_hal_cortex.o
    0x08003598   0x08003598   0x0000000e   Code   RO         5601    i.__scatterload_copy  mc_w.l(handlers.o)
    0x080035a6   0x080035a6   0x00000002   Code   RO         5602    i.__scatterload_null  mc_w.l(handlers.o)
    0x080035a8   0x080035a8   0x0000000e   Code   RO         5603    i.__scatterload_zeroinit  mc_w.l(handlers.o)
    0x080035b6   0x080035b6   0x00000002   PAD
    0x080035b8   0x080035b8   0x000002c0   Code   RO         5440    i._printf_core      mc_w.l(printf5.o)
    0x08003878   0x08003878   0x00000074   Code   RO          430    i.bufferRead        bluetooth_rutrans.o
    0x080038ec   0x080038ec   0x0000003c   Code   RO          431    i.bufferWrite       bluetooth_rutrans.o
    0x08003928   0x08003928   0x00000100   Code   RO          539    i.commDownReadTask  communication_down.o
    0x08003a28   0x08003a28   0x00000068   Code   RO          540    i.commDownSendTask  communication_down.o
    0x08003a90   0x08003a90   0x00000098   Code   RO          367    i.commUpSendTask    communication_up.o
    0x08003b28   0x08003b28   0x0000001c   Code   RO          212    i.fputc             debug_print.o
    0x08003b44   0x08003b44   0x000000cc   Code   RO          243    i.getKey            motion_controller.o
    0x08003c10   0x08003c10   0x00000090   Code   RO          541    i.initCommunication_down  communication_down.o
    0x08003ca0   0x08003ca0   0x00000040   Code   RO          368    i.initCommunication_up  communication_up.o
    0x08003ce0   0x08003ce0   0x00000054   Code   RO          244    i.initMotionController  motion_controller.o
    0x08003d34   0x08003d34   0x00000062   Code   RO          245    i.key_scan          motion_controller.o
    0x08003d96   0x08003d96   0x00000002   PAD
    0x08003d98   0x08003d98   0x0000005c   Code   RO          611    i.main              main.o
    0x08003df4   0x08003df4   0x0000000e   Code   RO         4778    i.makeFreeRtosPriority  cmsis_os.o
    0x08003e02   0x08003e02   0x00000012   Code   RO          246    i.motionControllerTask  motion_controller.o
    0x08003e14   0x08003e14   0x00000018   Code   RO         4780    i.osDelay           cmsis_os.o
    0x08003e2c   0x08003e2c   0x0000000a   Code   RO         4783    i.osKernelStart     cmsis_os.o
    0x08003e36   0x08003e36   0x0000005e   Code   RO         4817    i.osThreadCreate    cmsis_os.o
    0x08003e94   0x08003e94   0x00000098   Code   RO         4461    i.prvAddCurrentTaskToDelayedList  tasks.o
    0x08003f2c   0x08003f2c   0x000000b4   Code   RO         4462    i.prvAddNewTaskToReadyList  tasks.o
    0x08003fe0   0x08003fe0   0x00000048   Code   RO         4463    i.prvCheckTasksWaitingTermination  tasks.o
    0x08004028   0x08004028   0x00000050   Code   RO         4464    i.prvDeleteTCB      tasks.o
    0x08004078   0x08004078   0x00000014   Code   RO         4138    i.prvGetDisinheritPriorityAfterTimeout  queue.o
    0x0800408c   0x0800408c   0x0000007c   Code   RO         5145    i.prvHeapInit       heap_4.o
    0x08004108   0x08004108   0x00000028   Code   RO         4465    i.prvIdleTask       tasks.o
    0x08004130   0x08004130   0x00000026   Code   RO         4140    i.prvInitialiseNewQueue  queue.o
    0x08004156   0x08004156   0x000000b4   Code   RO         4466    i.prvInitialiseNewTask  tasks.o
    0x0800420a   0x0800420a   0x00000002   PAD
    0x0800420c   0x0800420c   0x00000068   Code   RO         4467    i.prvInitialiseTaskLists  tasks.o
    0x08004274   0x08004274   0x00000068   Code   RO         5146    i.prvInsertBlockIntoFreeList  heap_4.o
    0x080042dc   0x080042dc   0x0000001a   Code   RO         4141    i.prvIsQueueEmpty   queue.o
    0x080042f6   0x080042f6   0x00000002   PAD
    0x080042f8   0x080042f8   0x00000034   Code   RO         4468    i.prvResetNextTaskUnblockTime  tasks.o
    0x0800432c   0x0800432c   0x00000040   Code   RO         5208    i.prvTaskExitError  port.o
    0x0800436c   0x0800436c   0x0000007e   Code   RO         4143    i.prvUnlockQueue    queue.o
    0x080043ea   0x080043ea   0x00000002   PAD
    0x080043ec   0x080043ec   0x0000013c   Code   RO         5147    i.pvPortMalloc      heap_4.o
    0x08004528   0x08004528   0x00000020   Code   RO         4470    i.pvTaskIncrementMutexHeldCount  tasks.o
    0x08004548   0x08004548   0x0000002c   Code   RO         5209    i.pxPortInitialiseStack  port.o
    0x08004574   0x08004574   0x000000f8   Code   RO          542    i.resolveRxBuf      communication_down.o
    0x0800466c   0x0800466c   0x00000158   Code   RO          247    i.setControlDigit   motion_controller.o
    0x080047c4   0x080047c4   0x00000034   Code   RO          319    i.userTaskInit      user_task.o
    0x080047f8   0x080047f8   0x00000028   Code   RO         4096    i.uxListRemove      list.o
    0x08004820   0x08004820   0x00000018   Code   RO          705    i.vApplicationGetIdleTaskMemory  freertos.o
    0x08004838   0x08004838   0x0000001a   Code   RO         4097    i.vListInitialise   list.o
    0x08004852   0x08004852   0x00000006   Code   RO         4098    i.vListInitialiseItem  list.o
    0x08004858   0x08004858   0x00000034   Code   RO         4099    i.vListInsert       list.o
    0x0800488c   0x0800488c   0x00000018   Code   RO         4100    i.vListInsertEnd    list.o
    0x080048a4   0x080048a4   0x00000054   Code   RO         5211    i.vPortEnterCritical  port.o
    0x080048f8   0x080048f8   0x0000003c   Code   RO         5212    i.vPortExitCritical  port.o
    0x08004934   0x08004934   0x00000094   Code   RO         5148    i.vPortFree         heap_4.o
    0x080049c8   0x080049c8   0x00000028   Code   RO         5213    i.vPortSetupTimerInterrupt  port.o
    0x080049f0   0x080049f0   0x00000078   Code   RO         5214    i.vPortValidateInterruptPriority  port.o
    0x08004a68   0x08004a68   0x0000005c   Code   RO         4476    i.vTaskDelay        tasks.o
    0x08004ac4   0x08004ac4   0x00000018   Code   RO         4479    i.vTaskInternalSetTimeOutState  tasks.o
    0x08004adc   0x08004adc   0x0000000c   Code   RO         4480    i.vTaskMissedYield  tasks.o
    0x08004ae8   0x08004ae8   0x00000038   Code   RO         4482    i.vTaskPlaceOnEventList  tasks.o
    0x08004b20   0x08004b20   0x000000f4   Code   RO         4484    i.vTaskPriorityDisinheritAfterTimeout  tasks.o
    0x08004c14   0x08004c14   0x000000b0   Code   RO         4489    i.vTaskStartScheduler  tasks.o
    0x08004cc4   0x08004cc4   0x00000010   Code   RO         4491    i.vTaskSuspendAll   tasks.o
    0x08004cd4   0x08004cd4   0x0000008c   Code   RO         4492    i.vTaskSwitchContext  tasks.o
    0x08004d60   0x08004d60   0x00000168   Code   RO         5215    i.xPortStartScheduler  port.o
    0x08004ec8   0x08004ec8   0x00000060   Code   RO         4152    i.xQueueGenericCreate  queue.o
    0x08004f28   0x08004f28   0x00000098   Code   RO         4154    i.xQueueGenericReset  queue.o
    0x08004fc0   0x08004fc0   0x000000e0   Code   RO         4157    i.xQueueGiveFromISR  queue.o
    0x080050a0   0x080050a0   0x000001b8   Code   RO         4164    i.xQueueSemaphoreTake  queue.o
    0x08005258   0x08005258   0x0000008c   Code   RO         4493    i.xTaskCheckForTimeOut  tasks.o
    0x080052e4   0x080052e4   0x00000064   Code   RO         4494    i.xTaskCreate       tasks.o
    0x08005348   0x08005348   0x000000ba   Code   RO         4495    i.xTaskCreateStatic  tasks.o
    0x08005402   0x08005402   0x00000002   PAD
    0x08005404   0x08005404   0x00000020   Code   RO         4499    i.xTaskGetSchedulerState  tasks.o
    0x08005424   0x08005424   0x00000148   Code   RO         4502    i.xTaskIncrementTick  tasks.o
    0x0800556c   0x0800556c   0x000000c8   Code   RO         4506    i.xTaskPriorityInherit  tasks.o
    0x08005634   0x08005634   0x00000098   Code   RO         4507    i.xTaskRemoveFromEventList  tasks.o
    0x080056cc   0x080056cc   0x00000104   Code   RO         4508    i.xTaskResumeAll    tasks.o
    0x080057d0   0x080057d0   0x0000000b   Data   RO          544    .constdata          communication_down.o
    0x080057db   0x080057db   0x00000001   PAD
    0x080057dc   0x080057dc   0x0000001c   Data   RO          613    .constdata          main.o
    0x080057f8   0x080057f8   0x00000008   Data   RO         1761    .constdata          stm32f4xx_hal_dma.o
    0x08005800   0x08005800   0x00000018   Data   RO         3960    .constdata          system_stm32f4xx.o
    0x08005818   0x08005818   0x0000000c   Data   RO          614    .conststring        main.o
    0x08005824   0x08005824   0x00000040   Data   RO         5599    Region$$Table       anon$$obj.o


    Execution Region RW_IRAM2 (Exec base: 0x10000000, Load base: 0x080058f0, Size: 0x000001d8, Max: 0x00010000, ABSOLUTE)

    Exec Addr    Load Addr    Size         Type   Attr      Idx    E Section Name        Object

    0x10000000   0x080058f0   0x00000017   Data   RW          248    .data               motion_controller.o
    0x10000017   0x08005907   0x00000001   PAD
    0x10000018   0x08005908   0x00000030   Data   RW          545    .data               communication_down.o
    0x10000048   0x08005938   0x00000004   Data   RW          615    .data               main.o
    0x1000004c   0x0800593c   0x0000000c   Data   RW         5216    .data               port.o
    0x10000058   0x08005948   0x00000004   Data   RW         5575    .data               mc_w.l(stdout.o)
    0x1000005c        -       0x0000004a   Zero   RW          369    .bss                communication_up.o
    0x100000a6   0x0800594c   0x00000002   PAD
    0x100000a8        -       0x00000040   Zero   RW          931    .bss                stm32f4xx_hal_timebase_tim.o
    0x100000e8        -       0x000000f0   Zero   RW         4510    .bss                tasks.o


    Execution Region RW_IRAM1 (Exec base: 0x20000000, Load base: 0x08005864, Size: 0x000101d8, Max: 0x00020000, ABSOLUTE)

    Exec Addr    Load Addr    Size         Type   Attr      Idx    E Section Name        Object

    0x20000000   0x08005864   0x0000000c   Data   RW          370    .data               communication_up.o
    0x2000000c   0x08005870   0x0000001c   Data   RW          433    .data               bluetooth_rutrans.o
    0x20000028   0x0800588c   0x00000009   Data   RW         2193    .data               stm32f4xx_hal.o
    0x20000031   0x08005895   0x00000003   PAD
    0x20000034   0x08005898   0x00000004   Data   RW         3961    .data               system_stm32f4xx.o
    0x20000038   0x0800589c   0x0000003c   Data   RW         4511    .data               tasks.o
    0x20000074   0x080058d8   0x00000018   Data   RW         5153    .data               heap_4.o
    0x2000008c        -       0x00000816   Zero   RW          432    .bss                bluetooth_rutrans.o
    0x200008a2        -       0x00000424   Zero   RW          543    .bss                communication_down.o
    0x20000cc6   0x080058f0   0x00000002   PAD
    0x20000cc8        -       0x000002bc   Zero   RW          612    .bss                main.o
    0x20000f84        -       0x00000254   Zero   RW          706    .bss                freertos.o
    0x200011d8        -       0x0000c800   Zero   RW         5152    .bss                heap_4.o
    0x2000d9d8        -       0x00002800   Zero   RW            1    STACK               startup_stm32f407xx.o


==============================================================================

Image component sizes


      Code (inc. data)   RO Data    RW Data    ZI Data      Debug   Object Name

       384         40          0         28       2070       6471   bluetooth_rutrans.o
       142          0          0          0          0      22883   cmsis_os.o
         0          0          0          0          0     744814   common.o
       900        244         11         48       1060       7502   communication_down.o
       216         52          0         12         74       3634   communication_up.o
        28          6          0          0          0       1784   debug_print.o
         0          0          0          0          0      18860   event_groups.o
        24         10          0          0        596       1220   freertos.o
       692         62          0         24      51200       7347   heap_4.o
       148          0          0          0          0       3586   list.o
      1570        126         40          4        700       9699   main.o
       748         62          0         23          0       6149   motion_controller.o
      1014         92          0         12          0      12081   port.o
      1122         12          0          0          0      12261   queue.o
        36          8        392          0      10240        840   startup_stm32f407xx.o
        96         20          0          9          0       8094   stm32f4xx_hal.o
       852         28          0          0          0       2759   stm32f4xx_hal_adc.o
       988          0          0          0          0      10423   stm32f4xx_hal_can.o
       252         22          0          0          0      33698   stm32f4xx_hal_cortex.o
      1074         16          8          0          0       4563   stm32f4xx_hal_dma.o
       558         46          0          0          0       3620   stm32f4xx_hal_gpio.o
        80          0          0          0          0       1144   stm32f4xx_hal_iwdg.o
      1392         98          0          0          0       4535   stm32f4xx_hal_msp.o
      1868         94          0          0          0       6293   stm32f4xx_hal_rcc.o
       900         46          0          0          0       7289   stm32f4xx_hal_tim.o
       184         30          0          0          0       2509   stm32f4xx_hal_tim_ex.o
       136         12          0          0         64       1455   stm32f4xx_hal_timebase_tim.o
      2246         12          0          0          0       9482   stm32f4xx_hal_uart.o
       196         66          0          0          0       8168   stm32f4xx_it.o
        28          4         24          4          0       1143   system_stm32f4xx.o
      3050        362          0         60        240      27631   tasks.o
        52          8          0          0          0        559   user_task.o

    ----------------------------------------------------------------------
     21004       1578        540        228      66248     992496   Object Totals
         0          0         64          0          0          0   (incl. Generated)
        28          0          1          4          4          0   (incl. Padding)

    ----------------------------------------------------------------------

      Code (inc. data)   RO Data    RW Data    ZI Data      Debug   Library Member Name

         0          0          0          0          0          0   entry.o
         0          0          0          0          0          0   entry10a.o
         0          0          0          0          0          0   entry11a.o
         8          4          0          0          0          0   entry2.o
         4          0          0          0          0          0   entry5.o
         0          0          0          0          0          0   entry7b.o
         0          0          0          0          0          0   entry8b.o
         8          4          0          0          0          0   entry9a.o
        30          0          0          0          0          0   handlers.o
        36          8          0          0          0         68   init.o
        30          0          0          0          0         68   llshl.o
        32          0          0          0          0         68   llushr.o
        64          0          0          0          0         76   memmovea.o
        36          0          0          0          0        108   memseta.o
       736         56          0          0          0        184   printf5.o
         0          0          0          4          0          0   stdout.o
        98          0          0          0          0         92   uldiv.o

    ----------------------------------------------------------------------
      1084         72          0          4          0        664   Library Totals
         2          0          0          0          0          0   (incl. Padding)

    ----------------------------------------------------------------------

      Code (inc. data)   RO Data    RW Data    ZI Data      Debug   Library Name

      1082         72          0          4          0        664   mc_w.l

    ----------------------------------------------------------------------
      1084         72          0          4          0        664   Library Totals

    ----------------------------------------------------------------------

==============================================================================


      Code (inc. data)   RO Data    RW Data    ZI Data      Debug   

     22088       1650        540        232      66248     975204   Grand Totals
     22088       1650        540        232      66248     975204   ELF Image Totals
     22088       1650        540        232          0          0   ROM Totals

==============================================================================

    Total RO  Size (Code + RO Data)                22628 (  22.10kB)
    Total RW  Size (RW Data + ZI Data)             66480 (  64.92kB)
    Total ROM Size (Code + RO Data + RW Data)      22860 (  22.32kB)

==============================================================================

